09-26 13:57:53.864  1265  4148 I TetherStatsReporting:   [0] iface=rmnet_data1 uid=0 set=DEFAULT tag=0x0 rxBytes=352 rxPackets=5 txBytes=612 txPackets=11 operations=0
09-26 13:57:53.864  1265  4148 I TetherStatsReporting:   [1] iface=rmnet_data1 uid=0 set=FOREGROUND tag=0x0 rxBytes=0 rxPackets=0 txBytes=0 txPackets=0 operations=0
09-26 13:57:53.864  1265  4148 I TetherStatsReporting:   [2] iface=rmnet_data1 uid=1000 set=DEFAULT tag=0x0 rxBytes=292 rxPackets=4 txBytes=435 txPackets=5 operations=0
09-26 13:57:53.864  1265  4148 I TetherStatsReporting:   [3] iface=rmnet_data1 uid=1000 set=FOREGROUND tag=0x0 rxBytes=0 rxPackets=0 txBytes=0 txPackets=0 operations=0
09-26 13:57:53.864  1265  4148 I TetherStatsReporting:   [4] iface=rmnet_data1 uid=10021 set=DEFAULT tag=0x0 rxBytes=69310 rxPackets=18 txBytes=1619 txPackets=20 operations=0
09-26 13:57:53.864  1265  4148 I TetherStatsReporting:   [5] iface=rmnet_data1 uid=10021 set=FOREGROUND tag=0x0 rxBytes=0 rxPackets=0 txBytes=0 txPackets=0 operations=0
09-26 13:57:53.864  1265  4148 I TetherStatsReporting:   [6] iface=wlan0 uid=0 set=DEFAULT tag=0x0 rxBytes=7382598 rxPackets=36189 txBytes=2021857 txPackets=34241 operations=0
09-26 13:57:53.864  1265  4148 I TetherStatsReporting:   [7] iface=wlan0 uid=0 set=FOREGROUND tag=0x0 rxBytes=0 rxPackets=0 txBytes=0 txPackets=0 operations=0
09-26 13:57:53.864  1265  4148 I TetherStatsReporting:   [8] iface=wlan0 uid=1000 set=DEFAULT tag=0x0 rxBytes=1881331 rxPackets=2279 txBytes=325242 txPackets=2740 operations=0
09-26 13:57:53.864  1265  4148 I TetherStatsReporting:   [9] iface=wlan0 uid=1000 set=FOREGROUND tag=0x0 rxBytes=0 rxPackets=0 txBytes=0 txPackets=0 operations=0
09-26 13:57:53.864  1265  4148 I TetherStatsReporting:   [10] iface=wlan0 uid=1001 set=DEFAULT tag=0x0 rxBytes=495014 rxPackets=5849 txBytes=1323088 txPackets=11612 operations=0
09-26 13:57:53.864  1265  4148 I TetherStatsReporting:   [11] iface=wlan0 uid=1001 set=FOREGROUND tag=0x0 rxBytes=0 rxPackets=0 txBytes=0 txPackets=0 operations=0
09-26 13:57:53.864  1265  4148 I TetherStatsReporting:   [12] iface=wlan0 uid=1014 set=DEFAULT tag=0x0 rxBytes=32872 rxPackets=73 txBytes=23944 txPackets=73 operations=0
09-26 13:57:53.864  1265  4148 I TetherStatsReporting:   [13] iface=wlan0 uid=1014 set=FOREGROUND tag=0x0 rxBytes=0 rxPackets=0 txBytes=0 txPackets=0 operations=0
09-26 13:57:53.864  1265  4148 I TetherStatsReporting:   [14] iface=wlan0 uid=9801 set=DEFAULT tag=0x0 rxBytes=442048 rxPackets=649 txBytes=117266 txPackets=826 operations=0
09-26 13:57:53.864  1265  4148 I TetherStatsReporting:   [15] iface=wlan0 uid=9801 set=FOREGROUND tag=0x0 rxBytes=0 rxPackets=0 txBytes=0 txPackets=0 operations=0
09-26 13:57:53.864  1265  4148 I TetherStatsReporting:   [16] iface=wlan0 uid=9802 set=DEFAULT tag=0x0 rxBytes=88362 rxPackets=104 txBytes=20199 txPackets=114 operations=0
09-26 13:57:53.864  1265  4148 I TetherStatsReporting:   [17] iface=wlan0 uid=9802 set=FOREGROUND tag=0x0 rxBytes=0 rxPackets=0 txBytes=0 txPackets=0 operations=0
09-26 13:57:53.864  1265  4148 I TetherStatsReporting:   [18] iface=wlan0 uid=10000 set=DEFAULT tag=0x0 rxBytes=316100 rxPackets=476 txBytes=530288 txPackets=531 operations=0
09-26 13:57:53.864  1265  4148 I TetherStatsReporting:   [19] iface=wlan0 uid=10000 set=FOREGROUND tag=0x0 rxBytes=0 rxPackets=0 txBytes=0 txPackets=0 operations=0
09-26 13:57:53.864  1265  4148 I TetherStatsReporting:   [20] iface=wlan0 uid=10002 set=DEFAULT tag=0x0 rxBytes=4284 rxPackets=25 txBytes=10642 txPackets=39 operations=0
09-26 13:57:53.864  1265  4148 I TetherStatsReporting:   [21] iface=wlan0 uid=10002 set=FOREGROUND tag=0x0 rxBytes=0 rxPackets=0 txBytes=0 txPackets=0 operations=0
09-26 13:57:53.864  1265  4148 I TetherStatsReporting:   [22] iface=wlan0 uid=10003 set=DEFAULT tag=0x0 rxBytes=46207 rxPackets=73 txBytes=12031 txPackets=85 operations=0
09-26 13:57:53.864  1265  4148 I TetherStatsReporting:   [23] iface=wlan0 uid=10003 set=FOREGROUND tag=0x0 rxBytes=0 rxPackets=0 txBytes=0 txPackets=0 operations=0
09-26 13:57:53.864  1265  4148 I TetherStatsReporting:   [24] iface=wlan0 uid=10005 set=DEFAULT tag=0x0 rxBytes=70358 rxPackets=164 txBytes=38339 txPackets=212 operations=0
09-26 13:57:53.864  1265  4148 I TetherStatsReporting:   [25] iface=wlan0 uid=10005 set=FOREGROUND tag=0x0 rxBytes=32029 rxPackets=78 txBytes=19776 txPackets=93 operations=0
09-26 13:57:53.864  1265  4148 I TetherStatsReporting:   [26] iface=wlan0 uid=10010 set=DEFAULT tag=0x0 rxBytes=1880 rxPackets=11 txBytes=648 txPackets=15 operations=3
09-26 13:57:53.864  1265  4148 I TetherStatsReporting:   [27] iface=wlan0 uid=10010 set=FOREGROUND tag=0x0 rxBytes=0 rxPackets=0 txBytes=0 txPackets=0 operations=0
09-26 13:57:53.864  1265  4148 I TetherStatsReporting:   [28] iface=wlan0 uid=10013 set=DEFAULT tag=0x0 rxBytes=5925 rxPackets=9 txBytes=2329 txPackets=12 operations=0
09-26 13:57:53.864  1265  4148 I TetherStatsReporting:   [29] iface=wlan0 uid=10013 set=FOREGROUND tag=0x0 rxBytes=23852 rxPackets=37 txBytes=8145 txPackets=44 operations=0
09-26 13:57:53.864  1265  4148 I TetherStatsReporting:   [30] iface=wlan0 uid=10016 set=DEFAULT tag=0x0 rxBytes=71526 rxPackets=111 txBytes=24195 txPackets=138 operations=0
09-26 13:57:53.864  1265  4148 I TetherStatsReporting:   [31] iface=wlan0 uid=10016 set=FOREGROUND tag=0x0 rxBytes=0 rxPackets=0 txBytes=0 txPackets=0 operations=0
09-26 13:57:53.864  1265  4148 I TetherStatsReporting:   [32] iface=wlan0 uid=10019 set=DEFAULT tag=0x0 rxBytes=208 rxPackets=4 txBytes=232 txPackets=4 operations=0
09-26 13:57:53.864  1265  4148 I TetherStatsReporting:   [33] iface=wlan0 uid=10019 set=FOREGROUND tag=0x0 rxBytes=5058 rxPackets=34 txBytes=4653 txPackets=49 operations=0
09-26 13:57:53.864  1265  4148 I TetherStatsReporting:   [34] iface=wlan0 uid=10021 set=DEFAULT tag=0x0 rxBytes=154865 rxPackets=247 txBytes=49119 txPackets=317 operations=0
09-26 13:57:53.864  1265  4148 I TetherStatsReporting:   [35]
09-26 13:57:53.864  1265  4148 I TetherStatsReporting: binding to service
09-26 13:57:53.908  5559  5826 I TrafficManageService: mina mTrafficStatsReceiver onReceive
09-26 13:57:53.908  5559  5826 W ContextImpl: Calling a method in the system process without a qualified user: android.app.ContextImpl.sendBroadcast:763 android.content.ContextWrapper.sendBroadcast:396 com.miui.networkassistant.service.tm.TrafficManageService.broadCastDataUsageUpdated:-1 com.miui.networkassistant.service.tm.TrafficManageService$8.onReceive:-1 android.app.LoadedApk$ReceiverDispatcher$Args.run:883 
09-26 13:57:54.264  4236  4236 D StatusBar.NetworkController: onSignalStrengthsChanged received on slotId :1signalStrength=SignalStrength: 99 0 -68 -70 -120 -1 -1 21 -99 -8 132 2147483647 2147483647 gsm|lte level=5 cdmdlevel=5 evdolevel=0
09-26 13:57:56.024  1265 26579 E WifiHAL : Received message with insufficent length: 132
09-26 13:57:56.025  1265 26579 E WifiHAL : Received message with insufficent length: 918
09-26 13:57:56.025  1265 26579 E WifiHAL : Received message with insufficent length: 52
09-26 13:57:56.039  1265  4271 E WifiService: Permission denial: Need ACCESS_COARSE_LOCATION or ACCESS_FINE_LOCATION permission to get scan results
09-26 13:57:56.046  1265  1282 E WifiService: Permission denial: Need ACCESS_COARSE_LOCATION or ACCESS_FINE_LOCATION permission to get scan results
09-26 13:57:56.125  1265 26579 E WifiHAL : Received message with insufficent length: 52
09-26 13:57:56.126  1265 26579 E WifiHAL : Received message with insufficent length: 918
09-26 13:57:56.165  5559  5819 I XiaomiFirewall: firewall pkgName:com.ximalaya.ting.android, result:0x0
09-26 13:57:56.223  1265 26579 E WifiHAL : Received message with insufficent length: 918
09-26 13:57:56.224  1265 26579 E WifiHAL : Received message with insufficent length: 52
09-26 13:57:56.353  1265 26579 E WifiHAL : Received message with insufficent length: 918
09-26 13:57:56.454  1265 26579 E WifiHAL : Received message with insufficent length: 918
09-26 13:57:56.454  1265 26579 E WifiHAL : Received message with insufficent length: 52
09-26 13:57:56.563  1265 26579 E WifiHAL : Received message with insufficent length: 52
09-26 13:57:56.565  1265 26579 E WifiHAL : Received message with insufficent length: 918
09-26 13:57:56.662  1265 26579 E WifiHAL : Received message with insufficent length: 918
09-26 13:57:56.663  1265 26579 E WifiHAL : Received message with insufficent length: 52
09-26 13:57:56.763  1265 26579 E WifiHAL : Received message with insufficent length: 52
09-26 13:57:56.764  1265 26579 E WifiHAL : Received message with insufficent length: 918
09-26 13:57:56.863  1265 26579 E WifiHAL : Received message with insufficent length: 918
09-26 13:57:56.864  1265 26579 E WifiHAL : Received message with insufficent length: 52
09-26 13:57:57.017  1265 26579 E WifiHAL : Received message with insufficent length: 918
09-26 13:57:57.112  1265 26579 E WifiHAL : Received message with insufficent length: 918
09-26 13:57:57.113  1265 26579 E WifiHAL : Received message with insufficent length: 52
09-26 13:57:57.345  1265 26579 E WifiHAL : Received message with insufficent length: 918
09-26 13:57:57.442  1265 26579 E WifiHAL : Received message with insufficent length: 918
09-26 13:57:57.443  1265 26579 E WifiHAL : Received message with insufficent length: 52
09-26 13:57:57.817  1265 26579 E WifiHAL : Received message with insufficent length: 52
09-26 13:57:57.818  1265 26579 E WifiHAL : Received message with insufficent length: 918
09-26 13:57:57.913  1265 26579 E WifiHAL : Received message with insufficent length: 918
09-26 13:57:57.913  1265 26579 E WifiHAL : Received message with insufficent length: 52
09-26 13:57:58.076  1265 26579 E WifiHAL : Received message with insufficent length: 918
09-26 13:57:58.107  4236  4236 D StatusBar.NetworkController: onSignalStrengthsChanged received on slotId :1signalStrength=SignalStrength: 99 0 -68 -70 -120 -1 -1 20 -99 -7 178 2147483647 2147483647 gsm|lte level=5 cdmdlevel=5 evdolevel=0
09-26 13:57:58.173  1265 26579 E WifiHAL : Received message with insufficent length: 918
09-26 13:57:58.174  1265 26579 E WifiHAL : Received message with insufficent length: 52
09-26 13:57:58.256  1265 26579 E WifiHAL : Received message with insufficent length: 52
09-26 13:57:58.258  1265 26579 E WifiHAL : Received message with insufficent length: 918
09-26 13:57:58.272  1265 26579 E WifiHAL : Received message with insufficent length: 132
09-26 13:57:58.273  1265 26579 E WifiHAL : Received message with insufficent length: 132
09-26 13:58:01.974  1265  4148 I TetherStatsReporting: getTetherStats() called NetworkStats: elapsedRealtime=394963927
09-26 13:58:01.974  1265  4148 I TetherStatsReporting:   [0] iface=rmnet_data1 uid=0 set=DEFAULT tag=0x0 rxBytes=352 rxPackets=5 txBytes=612 txPackets=11 operations=0
09-26 13:58:01.974  1265  4148 I TetherStatsReporting:   [1] iface=rmnet_data1 uid=0 set=FOREGROUND tag=0x0 rxBytes=0 rxPackets=0 txBytes=0 txPackets=0 operations=0
09-26 13:58:01.974  1265  4148 I TetherStatsReporting:   [2] iface=rmnet_data1 uid=1000 set=DEFAULT tag=0x0 rxBytes=292 rxPackets=4 txBytes=435 txPackets=5 operations=0
09-26 13:58:01.974  1265  4148 I TetherStatsReporting:   [3] iface=rmnet_data1 uid=1000 set=FOREGROUND tag=0x0 rxBytes=0 rxPackets=0 txBytes=0 txPackets=0 operations=0
09-26 13:58:01.974  1265  4148 I TetherStatsReporting:   [4] iface=rmnet_data1 uid=10021 set=DEFAULT tag=0x0 rxBytes=69310 rxPackets=18 txBytes=1619 txPackets=20 operations=0
09-26 13:58:01.974  1265  4148 I TetherStatsReporting:   [5] iface=rmnet_data1 uid=10021 set=FOREGROUND tag=0x0 rxBytes=0 rxPackets=0 txBytes=0 txPackets=0 operations=0
09-26 13:58:01.974  1265  4148 I TetherStatsReporting:   [6] iface=wlan0 uid=0 set=DEFAULT tag=0x0 rxBytes=7382749 rxPackets=36190 txBytes=2021917 txPackets=34242 operations=0
09-26 13:58:01.974  1265  4148 I TetherStatsReporting:   [7] iface=wlan0 uid=0 set=FOREGROUND tag=0x0 rxBytes=0 rxPackets=0 txBytes=0 txPackets=0 operations=0
09-26 13:58:01.974  1265  4148 I TetherStatsReporting:   [8] iface=wlan0 uid=1000 set=DEFAULT tag=0x0 rxBytes=1881331 rxPackets=2279 txBytes=325242 txPackets=2740 operations=0
09-26 13:58:01.974  1265  4148 I TetherStatsReporting:   [9] iface=wlan0 uid=1000 set=FOREGROUND tag=0x0 rxBytes=0 rxPackets=0 txBytes=0 txPackets=0 operations=0
09-26 13:58:01.974  1265  4148 I TetherStatsReporting:   [10] iface=wlan0 uid=1001 set=DEFAULT tag=0x0 rxBytes=495014 rxPackets=5849 txBytes=1323088 txPackets=11612 operations=0
09-26 13:58:01.974  1265  4148 I TetherStatsReporting:   [11] iface=wlan0 uid=1001 set=FOREGROUND tag=0x0 rxBytes=0 rxPackets=0 txBytes=0 txPackets=0 operations=0
09-26 13:58:01.974  1265  4148 I TetherStatsReporting:   [12] iface=wlan0 uid=1014 set=DEFAULT tag=0x0 rxBytes=32872 rxPackets=73 txBytes=23944 txPackets=73 operations=0
09-26 13:58:01.974  1265  4148 I TetherStatsReporting:   [13] iface=wlan0 uid=1014 set=FOREGROUND tag=0x0 rxBytes=0 rxPackets=0 txBytes=0 txPackets=0 operations=0
09-26 13:58:01.974  1265  4148 I TetherStatsReporting:   [14] iface=wlan0 uid=9801 set=DEFAULT tag=0x0 rxBytes=442048 rxPackets=649 txBytes=117266 txPackets=826 operations=0
09-26 13:58:01.974  1265  4148 I TetherStatsReporting:   [15] iface=wlan0 uid=9801 set=FOREGROUND tag=0x0 rxBytes=0 rxPackets=0 txBytes=0 txPackets=0 operations=0
09-26 13:58:01.974  1265  4148 I TetherStatsReporting:   [16] iface=wlan0 uid=9802 set=DEFAULT tag=0x0 rxBytes=88362 rxPackets=104 txBytes=20199 txPackets=114 operations=0
09-26 13:58:01.974  1265  4148 I TetherStatsReporting:   [17] iface=wlan0 uid=9802 set=FOREGROUND tag=0x0 rxBytes=0 rxPackets=0 txBytes=0 txPackets=0 operations=0
09-26 13:58:01.974  1265  4148 I TetherStatsReporting:   [18] iface=wlan0 uid=10000 set=DEFAULT tag=0x0 rxBytes=316100 rxPackets=476 txBytes=530288 txPackets=531 operations=0
09-26 13:58:01.974  1265  4148 I TetherStatsReporting:   [19] iface=wlan0 uid=10000 set=FOREGROUND tag=0x0 rxBytes=0 rxPackets=0 txBytes=0 txPackets=0 operations=0
09-26 13:58:01.974  1265  4148 I TetherStatsReporting:   [20] iface=wlan0 uid=10002 set=DEFAULT tag=0x0 rxBytes=4284 rxPackets=25 txBytes=10642 txPackets=39 operations=0
09-26 13:58:01.974  1265  4148 I TetherStatsReporting:   [21] iface=wlan0 uid=10002 set=FOREGROUND tag=0x0 rxBytes=0 rxPackets=0 txBytes=0 txPackets=0 operations=0
09-26 13:58:01.974  1265  4148 I TetherStatsReporting:   [22] iface=wlan0 uid=10003 set=DEFAULT tag=0x0 rxBytes=46207 rxPackets=73 txBytes=12031 txPackets=85 operations=0
09-26 13:58:01.974  1265  4148 I TetherStatsReporting:   [23] iface=wlan0 uid=10003 set=FOREGROUND tag=0x0 rxBytes=0 rxPackets=0 txBytes=0 txPackets=0 operations=0
09-26 13:58:01.974  1265  4148 I TetherStatsReporting:   [24] iface=wlan0 uid=10005 set=DEFAULT tag=0x0 rxBytes=70358 rxPackets=164 txBytes=38339 txPackets=212 operations=0
09-26 13:58:01.974  1265  4148 I TetherStatsReporting:   [25] iface=wlan0 uid=10005 set=FOREGROUND tag=0x0 rxBytes=32029 rxPackets=78 txBytes=19776 txPackets=93 operations=0
09-26 13:58:01.974  1265  4148 I TetherStatsReporting:   [26] iface=wlan0 uid=10010 set=DEFAULT tag=0x0 rxBytes=1880 rxPackets=11 txBytes=648 txPackets=15 operations=3
09-26 13:58:01.974  1265  4148 I TetherStatsReporting:   [27] iface=wlan0 uid=10010 set=FOREGROUND tag=0x0 rxBytes=0 rxPackets=0 txBytes=0 txPackets=0 operations=0
09-26 13:58:01.974  1265  4148 I TetherStatsReporting:   [28] iface=wlan0 uid=10013 set=DEFAULT tag=0x0 rxBytes=5925 rxPackets=9 txBytes=2329 txPackets=12 operations=0
09-26 13:58:01.974  1265  4148 I TetherStatsReporting:   [29] iface=wlan0 uid=10013 set=FOREGROUND tag=0x0 rxBytes=23852 rxPackets=37 txBytes=8145 txPackets=44 operations=0
09-26 13:58:01.974  1265  4148 I TetherStatsReporting:   [30] iface=wlan0 uid=10016 set=DEFAULT tag=0x0 rxBytes=71526 rxPackets=111 txBytes=24195 txPackets=138 operations=0
09-26 13:58:01.974  1265  4148 I TetherStatsReporting:   [31] iface=wlan0 uid=10016 set=FOREGROUND tag=0x0 rxBytes=0 rxPackets=0 txBytes=0 txPackets=0 operations=0
09-26 13:58:01.974  1265  4148 I TetherStatsReporting:   [32] iface=wlan0 uid=10019 set=DEFAULT tag=0x0 rxBytes=208 rxPackets=4 txBytes=232 txPackets=4 operations=0
09-26 13:58:01.974  1265  4148 I TetherStatsReporting:   [33] iface=wlan0 uid=10019 set=FOREGROUND tag=0x0 rxBytes=5058 rxPackets=34 txBytes=4653 txPackets=49 operations=0
09-26 13:58:01.974  1265  4148 I TetherStatsReporting:   [34] iface=wlan0 uid=10021 set=DEFAULT tag=0x0 rxBytes=154865 rxPackets=247 txBytes=49119 txPackets=317 operations=0
09-26 13:58:01.974  1265  4148 I TetherStatsReporting:   [35]
09-26 13:58:01.974  1265  4148 I TetherStatsReporting: binding to service
09-26 13:58:02.024  5559  5826 I TrafficManageService: mina mTrafficStatsReceiver onReceive
09-26 13:58:02.024  5559  5826 W ContextImpl: Calling a method in the system process without a qualified user: android.app.ContextImpl.sendBroadcast:763 android.content.ContextWrapper.sendBroadcast:396 com.miui.networkassistant.service.tm.TrafficManageService.broadCastDataUsageUpdated:-1 com.miui.networkassistant.service.tm.TrafficManageService$8.onReceive:-1 android.app.LoadedApk$ReceiverDispatcher$Args.run:883 
09-26 13:58:03.502  5488  5488 I octvm_power: handle event trigger screen_off_timeout_60
09-26 13:58:05.791  4236  4236 D StatusBar.NetworkController: onSignalStrengthsChanged received on slotId :1signalStrength=SignalStrength: 99 0 -68 -70 -120 -1 -1 23 -96 -7 196 2147483647 2147483647 gsm|lte level=5 cdmdlevel=5 evdolevel=0
09-26 13:58:09.629  4236  4236 D StatusBar.NetworkController: onSignalStrengthsChanged received on slotId :1signalStrength=SignalStrength: 99 0 -68 -70 -120 -1 -1 22 -98 -7 190 2147483647 2147483647 gsm|lte level=5 cdmdlevel=5 evdolevel=0
09-26 13:58:10.219  1265  4148 I TetherStatsReporting: getTetherStats() called NetworkStats: elapsedRealtime=394972173
09-26 13:58:10.219  1265  4148 I TetherStatsReporting:   [0] iface=rmnet_data1 uid=0 set=DEFAULT tag=0x0 rxBytes=352 rxPackets=5 txBytes=612 txPackets=11 operations=0
09-26 13:58:10.219  1265  4148 I TetherStatsReporting:   [1] iface=rmnet_data1 uid=0 set=FOREGROUND tag=0x0 rxBytes=0 rxPackets=0 txBytes=0 txPackets=0 operations=0
09-26 13:58:10.219  1265  4148 I TetherStatsReporting:   [2] iface=rmnet_data1 uid=1000 set=DEFAULT tag=0x0 rxBytes=292 rxPackets=4 txBytes=435 txPackets=5 operations=0
09-26 13:58:10.219  1265  4148 I TetherStatsReporting:   [3] iface=rmnet_data1 uid=1000 set=FOREGROUND tag=0x0 rxBytes=0 rxPackets=0 txBytes=0 txPackets=0 operations=0
09-26 13:58:10.219  1265  4148 I TetherStatsReporting:   [4] iface=rmnet_data1 uid=10021 set=DEFAULT tag=0x0 rxBytes=69310 rxPackets=18 txBytes=1619 txPackets=20 operations=0
09-26 13:58:10.219  1265  4148 I TetherStatsReporting:   [5] iface=rmnet_data1 uid=10021 set=FOREGROUND tag=0x0 rxBytes=0 rxPackets=0 txBytes=0 txPackets=0 operations=0
09-26 13:58:10.219  1265  4148 I TetherStatsReporting:   [6] iface=wlan0 uid=0 set=DEFAULT tag=0x0 rxBytes=7382749 rxPackets=36190 txBytes=2021917 txPackets=34242 operations=0
09-26 13:58:10.219  1265  4148 I TetherStatsReporting:   [7] iface=wlan0 uid=0 set=FOREGROUND tag=0x0 rxBytes=0 rxPackets=0 txBytes=0 txPackets=0 operations=0
09-26 13:58:10.219  1265  4148 I TetherStatsReporting:   [8] iface=wlan0 uid=1000 set=DEFAULT tag=0x0 rxBytes=1881331 rxPackets=2279 txBytes=325242 txPackets=2740 operations=0
09-26 13:58:10.219  1265  4148 I TetherStatsReporting:   [9] iface=wlan0 uid=1000 set=FOREGROUND tag=0x0 rxBytes=0 rxPackets=0 txBytes=0 txPackets=0 operations=0
09-26 13:58:10.219  1265  4148 I TetherStatsReporting:   [10] iface=wlan0 uid=1001 set=DEFAULT tag=0x0 rxBytes=495014 rxPackets=5849 txBytes=1323088 txPackets=11612 operations=0
09-26 13:58:10.219  1265  4148 I TetherStatsReporting:   [11] iface=wlan0 uid=1001 set=FOREGROUND tag=0x0 rxBytes=0 rxPackets=0 txBytes=0 txPackets=0 operations=0
09-26 13:58:10.219  1265  4148 I TetherStatsReporting:   [12] iface=wlan0 uid=1014 set=DEFAULT tag=0x0 rxBytes=32872 rxPackets=73 txBytes=23944 txPackets=73 operations=0
09-26 13:58:10.219  1265  4148 I TetherStatsReporting:   [13] iface=wlan0 uid=1014 set=FOREGROUND tag=0x0 rxBytes=0 rxPackets=0 txBytes=0 txPackets=0 operations=0
09-26 13:58:10.219  1265  4148 I TetherStatsReporting:   [14] iface=wlan0 uid=9801 set=DEFAULT tag=0x0 rxBytes=442048 rxPackets=649 txBytes=117266 txPackets=826 operations=0
09-26 13:58:10.219  1265  4148 I TetherStatsReporting:   [15] iface=wlan0 uid=9801 set=FOREGROUND tag=0x0 rxBytes=0 rxPackets=0 txBytes=0 txPackets=0 operations=0
09-26 13:58:10.219  1265  4148 I TetherStatsReporting:   [16] iface=wlan0 uid=9802 set=DEFAULT tag=0x0 rxBytes=88362 rxPackets=104 txBytes=20199 txPackets=114 operations=0
09-26 13:58:10.219  1265  4148 I TetherStatsReporting:   [17] iface=wlan0 uid=9802 set=FOREGROUND tag=0x0 rxBytes=0 rxPackets=0 txBytes=0 txPackets=0 operations=0
09-26 13:58:10.219  1265  4148 I TetherStatsReporting:   [18] iface=wlan0 uid=10000 set=DEFAULT tag=0x0 rxBytes=316100 rxPackets=476 txBytes=530288 txPackets=531 operations=0
09-26 13:58:10.219  1265  4148 I TetherStatsReporting:   [19] iface=wlan0 uid=10000 set=FOREGROUND tag=0x0 rxBytes=0 rxPackets=0 txBytes=0 txPackets=0 operations=0
09-26 13:58:10.219  1265  4148 I TetherStatsReporting:   [20] iface=wlan0 uid=10002 set=DEFAULT tag=0x0 rxBytes=4284 rxPackets=25 txBytes=10642 txPackets=39 operations=0
09-26 13:58:10.219  1265  4148 I TetherStatsReporting:   [21] iface=wlan0 uid=10002 set=FOREGROUND tag=0x0 rxBytes=0 rxPackets=0 txBytes=0 txPackets=0 operations=0
09-26 13:58:10.219  1265  4148 I TetherStatsReporting:   [22] iface=wlan0 uid=10003 set=DEFAULT tag=0x0 rxBytes=46207 rxPackets=73 txBytes=12031 txPackets=85 operations=0
09-26 13:58:10.219  1265  4148 I TetherStatsReporting:   [23] iface=wlan0 uid=10003 set=FOREGROUND tag=0x0 rxBytes=0 rxPackets=0 txBytes=0 txPackets=0 operations=0
09-26 13:58:10.219  1265  4148 I TetherStatsReporting:   [24] iface=wlan0 uid=10005 set=DEFAULT tag=0x0 rxBytes=70358 rxPackets=164 txBytes=38339 txPackets=212 operations=0
09-26 13:58:10.219  1265  4148 I TetherStatsReporting:   [25] iface=wlan0 uid=10005 set=FOREGROUND tag=0x0 rxBytes=32029 rxPackets=78 txBytes=19776 txPackets=93 operations=0
09-26 13:58:10.219  1265  4148 I TetherStatsReporting:   [26] iface=wlan0 uid=10010 set=DEFAULT tag=0x0 rxBytes=1880 rxPackets=11 txBytes=648 txPackets=15 operations=3
09-26 13:58:10.219  1265  4148 I TetherStatsReporting:   [27] iface=wlan0 uid=10010 set=FOREGROUND tag=0x0 rxBytes=0 rxPackets=0 txBytes=0 txPackets=0 operations=0
09-26 13:58:10.219  1265  4148 I TetherStatsReporting:   [28] iface=wlan0 uid=10013 set=DEFAULT tag=0x0 rxBytes=5925 rxPackets=9 txBytes=2329 txPackets=12 operations=0
09-26 13:58:10.219  1265  4148 I TetherStatsReporting:   [29] iface=wlan0 uid=10013 set=FOREGROUND tag=0x0 rxBytes=23852 rxPackets=37 txBytes=8145 txPackets=44 operations=0
09-26 13:58:10.219  1265  4148 I TetherStatsReporting:   [30] iface=wlan0 uid=10016 set=DEFAULT tag=0x0 rxBytes=71526 rxPackets=111 txBytes=24195 txPackets=138 operations=0
09-26 13:58:10.219  1265  4148 I TetherStatsReporting:   [31] iface=wlan0 uid=10016 set=FOREGROUND tag=0x0 rxBytes=0 rxPackets=0 txBytes=0 txPackets=0 operations=0
09-26 13:58:10.219  1265  4148 I TetherStatsReporting:   [32] iface=wlan0 uid=10019 set=DEFAULT tag=0x0 rxBytes=208 rxPackets=4 txBytes=232 txPackets=4 operations=0
09-26 13:58:10.219  1265  4148 I TetherStatsReporting:   [33] iface=wlan0 uid=10019 set=FOREGROUND tag=0x0 rxBytes=5058 rxPackets=34 txBytes=4653 txPackets=49 operations=0
09-26 13:58:10.219  1265  4148 I TetherStatsReporting:   [34] iface=wlan0 uid=10021 set=DEFAULT tag=0x0 rxBytes=154865 rxPackets=247 txBytes=49119 txPackets=317 operations=0
09-26 13:58:10.219  1265  4148 I TetherStatsReporting:   [35]
09-26 13:58:10.219  1265  4148 I TetherStatsReporting: binding to service
09-26 13:58:10.256  5559  5826 I TrafficManageService: mina mTrafficStatsReceiver onReceive
09-26 13:58:10.256  5559  5826 W ContextImpl: Calling a method in the system process without a qualified user: android.app.ContextImpl.sendBroadcast:763 android.content.ContextWrapper.sendBroadcast:396 com.miui.networkassistant.service.tm.TrafficManageService.broadCastDataUsageUpdated:-1 com.miui.networkassistant.service.tm.TrafficManageService$8.onReceive:-1 android.app.LoadedApk$ReceiverDispatcher$Args.run:883 
09-26 13:58:18.203  1265  4148 I TetherStatsReporting: getTetherStats() called NetworkStats: elapsedRealtime=394980158
09-26 13:58:18.203  1265  4148 I TetherStatsReporting:   [0] iface=rmnet_data1 uid=0 set=DEFAULT tag=0x0 rxBytes=352 rxPackets=5 txBytes=612 txPackets=11 operations=0
09-26 13:58:18.203  1265  4148 I TetherStatsReporting:   [1] iface=rmnet_data1 uid=0 set=FOREGROUND tag=0x0 rxBytes=0 rxPackets=0 txBytes=0 txPackets=0 operations=0
09-26 13:58:18.203  1265  4148 I TetherStatsReporting:   [2] iface=rmnet_data1 uid=1000 set=DEFAULT tag=0x0 rxBytes=292 rxPackets=4 txBytes=435 txPackets=5 operations=0
09-26 13:58:18.203  1265  4148 I TetherStatsReporting:   [3] iface=rmnet_data1 uid=1000 set=FOREGROUND tag=0x0 rxBytes=0 rxPackets=0 txBytes=0 txPackets=0 operations=0
09-26 13:58:18.203  1265  4148 I TetherStatsReporting:   [4] iface=rmnet_data1 uid=10021 set=DEFAULT tag=0x0 rxBytes=69310 rxPackets=18 txBytes=1619 txPackets=20 operations=0
09-26 13:58:18.203  1265  4148 I TetherStatsReporting:   [5] iface=rmnet_data1 uid=10021 set=FOREGROUND tag=0x0 rxBytes=0 rxPackets=0 txBytes=0 txPackets=0 operations=0
09-26 13:58:18.203  1265  4148 I TetherStatsReporting:   [6] iface=wlan0 uid=0 set=DEFAULT tag=0x0 rxBytes=7382749 rxPackets=36190 txBytes=2021917 txPackets=34242 operations=0
09-26 13:58:18.203  1265  4148 I TetherStatsReporting:   [7] iface=wlan0 uid=0 set=FOREGROUND tag=0x0 rxBytes=0 rxPackets=0 txBytes=0 txPackets=0 operations=0
09-26 13:58:18.203  1265  4148 I TetherStatsReporting:   [8] iface=wlan0 uid=1000 set=DEFAULT tag=0x0 rxBytes=1881331 rxPackets=2279 txBytes=325242 txPackets=2740 operations=0
09-26 13:58:18.203  1265  4148 I TetherStatsReporting:   [9] iface=wlan0 uid=1000 set=FOREGROUND tag=0x0 rxBytes=0 rxPackets=0 txBytes=0 txPackets=0 operations=0
09-26 13:58:18.203  1265  4148 I TetherStatsReporting:   [10] iface=wlan0 uid=1001 set=DEFAULT tag=0x0 rxBytes=495014 rxPackets=5849 txBytes=1323088 txPackets=11612 operations=0
09-26 13:58:18.203  1265  4148 I TetherStatsReporting:   [11] iface=wlan0 uid=1001 set=FOREGROUND tag=0x0 rxBytes=0 rxPackets=0 txBytes=0 txPackets=0 operations=0
09-26 13:58:18.203  1265  4148 I TetherStatsReporting:   [12] iface=wlan0 uid=1014 set=DEFAULT tag=0x0 rxBytes=32872 rxPackets=73 txBytes=23944 txPackets=73 operations=0
09-26 13:58:18.203  1265  4148 I TetherStatsReporting:   [13] iface=wlan0 uid=1014 set=FOREGROUND tag=0x0 rxBytes=0 rxPackets=0 txBytes=0 txPackets=0 operations=0
09-26 13:58:18.203  1265  4148 I TetherStatsReporting:   [14] iface=wlan0 uid=9801 set=DEFAULT tag=0x0 rxBytes=442048 rxPackets=649 txBytes=117266 txPackets=826 operations=0
09-26 13:58:18.203  1265  4148 I TetherStatsReporting:   [15] iface=wlan0 uid=9801 set=FOREGROUND tag=0x0 rxBytes=0 rxPackets=0 txBytes=0 txPackets=0 operations=0
09-26 13:58:18.203  1265  4148 I TetherStatsReporting:   [16] iface=wlan0 uid=9802 set=DEFAULT tag=0x0 rxBytes=88362 rxPackets=104 txBytes=20199 txPackets=114 operations=0
09-26 13:58:18.203  1265  4148 I TetherStatsReporting:   [17] iface=wlan0 uid=9802 set=FOREGROUND tag=0x0 rxBytes=0 rxPackets=0 txBytes=0 txPackets=0 operations=0
09-26 13:58:18.203  1265  4148 I TetherStatsReporting:   [18] iface=wlan0 uid=10000 set=DEFAULT tag=0x0 rxBytes=316100 rxPackets=476 txBytes=530288 txPackets=531 operations=0
09-26 13:58:18.203  1265  4148 I TetherStatsReporting:   [19] iface=wlan0 uid=10000 set=FOREGROUND tag=0x0 rxBytes=0 rxPackets=0 txBytes=0 txPackets=0 operations=0
09-26 13:58:18.203  1265  4148 I TetherStatsReporting:   [20] iface=wlan0 uid=10002 set=DEFAULT tag=0x0 rxBytes=4284 rxPackets=25 txBytes=10642 txPackets=39 operations=0
09-26 13:58:18.203  1265  4148 I TetherStatsReporting:   [21] iface=wlan0 uid=10002 set=FOREGROUND tag=0x0 rxBytes=0 rxPackets=0 txBytes=0 txPackets=0 operations=0
09-26 13:58:18.203  1265  4148 I TetherStatsReporting:   [22] iface=wlan0 uid=10003 set=DEFAULT tag=0x0 rxBytes=46207 rxPackets=73 txBytes=12031 txPackets=85 operations=0
09-26 13:58:18.203  1265  4148 I TetherStatsReporting:   [23] iface=wlan0 uid=10003 set=FOREGROUND tag=0x0 rxBytes=0 rxPackets=0 txBytes=0 txPackets=0 operations=0
09-26 13:58:18.203  1265  4148 I TetherStatsReporting:   [24] iface=wlan0 uid=10005 set=DEFAULT tag=0x0 rxBytes=70358 rxPackets=164 txBytes=38339 txPackets=212 operations=0
09-26 13:58:18.203  1265  4148 I TetherStatsReporting:   [25] iface=wlan0 uid=10005 set=FOREGROUND tag=0x0 rxBytes=32029 rxPackets=78 txBytes=19776 txPackets=93 operations=0
09-26 13:58:18.203  1265  4148 I TetherStatsReporting:   [26] iface=wlan0 uid=10010 set=DEFAULT tag=0x0 rxBytes=1880 rxPackets=11 txBytes=648 txPackets=15 operations=3
09-26 13:58:18.203  1265  4148 I TetherStatsReporting:   [27] iface=wlan0 uid=10010 set=FOREGROUND tag=0x0 rxBytes=0 rxPackets=0 txBytes=0 txPackets=0 operations=0
09-26 13:58:18.203  1265  4148 I TetherStatsReporting:   [28] iface=wlan0 uid=10013 set=DEFAULT tag=0x0 rxBytes=5925 rxPackets=9 txBytes=2329 txPackets=12 operations=0
09-26 13:58:18.203  1265  4148 I TetherStatsReporting:   [29] iface=wlan0 uid=10013 set=FOREGROUND tag=0x0 rxBytes=23852 rxPackets=37 txBytes=8145 txPackets=44 operations=0
09-26 13:58:18.203  1265  4148 I TetherStatsReporting:   [30] iface=wlan0 uid=10016 set=DEFAULT tag=0x0 rxBytes=71526 rxPackets=111 txBytes=24195 txPackets=138 operations=0
09-26 13:58:18.203  1265  4148 I TetherStatsReporting:   [31] iface=wlan0 uid=10016 set=FOREGROUND tag=0x0 rxBytes=0 rxPackets=0 txBytes=0 txPackets=0 operations=0
09-26 13:58:18.203  1265  4148 I TetherStatsReporting:   [32] iface=wlan0 uid=10019 set=DEFAULT tag=0x0 rxBytes=208 rxPackets=4 txBytes=232 txPackets=4 operations=0
09-26 13:58:18.203  1265  4148 I TetherStatsReporting:   [33] iface=wlan0 uid=10019 set=FOREGROUND tag=0x0 rxBytes=5058 rxPackets=34 txBytes=4653 txPackets=49 operations=0
09-26 13:58:18.203  1265  4148 I TetherStatsReporting:   [34] iface=wlan0 uid=10021 set=DEFAULT tag=0x0 rxBytes=154865 rxPackets=247 txBytes=49119 txPackets=317 operations=0
09-26 13:58:18.203  1265  4148 I TetherStatsReporting:   [35]
09-26 13:58:18.203  1265  4148 I TetherStatsReporting: binding to service
09-26 13:58:18.246  5559  5826 I TrafficManageService: mina mTrafficStatsReceiver onReceive
09-26 13:58:18.247  5559  5826 W ContextImpl: Calling a method in the system process without a qualified user: android.app.ContextImpl.sendBroadcast:763 android.content.ContextWrapper.sendBroadcast:396 com.miui.networkassistant.service.tm.TrafficManageService.broadCastDataUsageUpdated:-1 com.miui.networkassistant.service.tm.TrafficManageService$8.onReceive:-1 android.app.LoadedApk$ReceiverDispatcher$Args.run:883 
09-26 13:58:22.161  1265  6858 E NotificationService: Package has already posted 50 notifications.  Not showing more.  package=com.xiaomi.xmsf
09-26 13:58:24.985  4236  4236 D StatusBar.NetworkController: onSignalStrengthsChanged received on slotId :1signalStrength=SignalStrength: 99 0 -68 -70 -120 -1 -1 22 -97 -7 194 2147483647 2147483647 gsm|lte level=5 cdmdlevel=5 evdolevel=0
09-26 13:58:26.316  1265  4148 I TetherStatsReporting: getTetherStats() called NetworkStats: elapsedRealtime=394988271
09-26 13:58:26.316  1265  4148 I TetherStatsReporting:   [0] iface=rmnet_data1 uid=0 set=DEFAULT tag=0x0 rxBytes=352 rxPackets=5 txBytes=612 txPackets=11 operations=0
09-26 13:58:26.316  1265  4148 I TetherStatsReporting:   [1] iface=rmnet_data1 uid=0 set=FOREGROUND tag=0x0 rxBytes=0 rxPackets=0 txBytes=0 txPackets=0 operations=0
09-26 13:58:26.316  1265  4148 I TetherStatsReporting:   [2] iface=rmnet_data1 uid=1000 set=DEFAULT tag=0x0 rxBytes=292 rxPackets=4 txBytes=435 txPackets=5 operations=0
09-26 13:58:26.316  1265  4148 I TetherStatsReporting:   [3] iface=rmnet_data1 uid=1000 set=FOREGROUND tag=0x0 rxBytes=0 rxPackets=0 txBytes=0 txPackets=0 operations=0
09-26 13:58:26.316  1265  4148 I TetherStatsReporting:   [4] iface=rmnet_data1 uid=10021 set=DEFAULT tag=0x0 rxBytes=69310 rxPackets=18 txBytes=1619 txPackets=20 operations=0
09-26 13:58:26.316  1265  4148 I TetherStatsReporting:   [5] iface=rmnet_data1 uid=10021 set=FOREGROUND tag=0x0 rxBytes=0 rxPackets=0 txBytes=0 txPackets=0 operations=0
09-26 13:58:26.316  1265  4148 I TetherStatsReporting:   [6] iface=wlan0 uid=0 set=DEFAULT tag=0x0 rxBytes=7382829 rxPackets=36192 txBytes=2021917 txPackets=34242 operations=0
09-26 13:58:26.316  1265  4148 I TetherStatsReporting:   [7] iface=wlan0 uid=0 set=FOREGROUND tag=0x0 rxBytes=0 rxPackets=0 txBytes=0 txPackets=0 operations=0
09-26 13:58:26.316  1265  4148 I TetherStatsReporting:   [8] iface=wlan0 uid=1000 set=DEFAULT tag=0x0 rxBytes=1881331 rxPackets=2279 txBytes=325242 txPackets=2740 operations=0
09-26 13:58:26.316  1265  4148 I TetherStatsReporting:   [9] iface=wlan0 uid=1000 set=FOREGROUND tag=0x0 rxBytes=0 rxPackets=0 txBytes=0 txPackets=0 operations=0
09-26 13:58:26.316  1265  4148 I TetherStatsReporting:   [10] iface=wlan0 uid=1001 set=DEFAULT tag=0x0 rxBytes=495014 rxPackets=5849 txBytes=1323088 txPackets=11612 operations=0
09-26 13:58:26.316  1265  4148 I TetherStatsReporting:   [11] iface=wlan0 uid=1001 set=FOREGROUND tag=0x0 rxBytes=0 rxPackets=0 txBytes=0 txPackets=0 operations=0
09-26 13:58:26.316  1265  4148 I TetherStatsReporting:   [12] iface=wlan0 uid=1014 set=DEFAULT tag=0x0 rxBytes=32872 rxPackets=73 txBytes=23944 txPackets=73 operations=0
09-26 13:58:26.316  1265  4148 I TetherStatsReporting:   [13] iface=wlan0 uid=1014 set=FOREGROUND tag=0x0 rxBytes=0 rxPackets=0 txBytes=0 txPackets=0 operations=0
09-26 13:58:26.316  1265  4148 I TetherStatsReporting:   [14] iface=wlan0 uid=9801 set=DEFAULT tag=0x0 rxBytes=442048 rxPackets=649 txBytes=117266 txPackets=826 operations=0
09-26 13:58:26.316  1265  4148 I TetherStatsReporting:   [15] iface=wlan0 uid=9801 set=FOREGROUND tag=0x0 rxBytes=0 rxPackets=0 txBytes=0 txPackets=0 operations=0
09-26 13:58:26.316  1265  4148 I TetherStatsReporting:   [16] iface=wlan0 uid=9802 set=DEFAULT tag=0x0 rxBytes=88362 rxPackets=104 txBytes=20199 txPackets=114 operations=0
09-26 13:58:26.316  1265  4148 I TetherStatsReporting:   [17] iface=wlan0 uid=9802 set=FOREGROUND tag=0x0 rxBytes=0 rxPackets=0 txBytes=0 txPackets=0 operations=0
09-26 13:58:26.316  1265  4148 I TetherStatsReporting:   [18] iface=wlan0 uid=10000 set=DEFAULT tag=0x0 rxBytes=316100 rxPackets=476 txBytes=530288 txPackets=531 operations=0
09-26 13:58:26.316  1265  4148 I TetherStatsReporting:   [19] iface=wlan0 uid=10000 set=FOREGROUND tag=0x0 rxBytes=0 rxPackets=0 txBytes=0 txPackets=0 operations=0
09-26 13:58:26.316  1265  4148 I TetherStatsReporting:   [20] iface=wlan0 uid=10002 set=DEFAULT tag=0x0 rxBytes=4284 rxPackets=25 txBytes=10642 txPackets=39 operations=0
09-26 13:58:26.316  1265  4148 I TetherStatsReporting:   [21] iface=wlan0 uid=10002 set=FOREGROUND tag=0x0 rxBytes=0 rxPackets=0 txBytes=0 txPackets=0 operations=0
09-26 13:58:26.316  1265  4148 I TetherStatsReporting:   [22] iface=wlan0 uid=10003 set=DEFAULT tag=0x0 rxBytes=46207 rxPackets=73 txBytes=12031 txPackets=85 operations=0
09-26 13:58:26.316  1265  4148 I TetherStatsReporting:   [23] iface=wlan0 uid=10003 set=FOREGROUND tag=0x0 rxBytes=0 rxPackets=0 txBytes=0 txPackets=0 operations=0
09-26 13:58:26.316  1265  4148 I TetherStatsReporting:   [24] iface=wlan0 uid=10005 set=DEFAULT tag=0x0 rxBytes=70358 rxPackets=164 txBytes=38339 txPackets=212 operations=0
09-26 13:58:26.316  1265  4148 I TetherStatsReporting:   [25] iface=wlan0 uid=10005 set=FOREGROUND tag=0x0 rxBytes=32029 rxPackets=78 txBytes=19776 txPackets=93 operations=0
09-26 13:58:26.316  1265  4148 I TetherStatsReporting:   [26] iface=wlan0 uid=10010 set=DEFAULT tag=0x0 rxBytes=1880 rxPackets=11 txBytes=648 txPackets=15 operations=3
09-26 13:58:26.316  1265  4148 I TetherStatsReporting:   [27] iface=wlan0 uid=10010 set=FOREGROUND tag=0x0 rxBytes=0 rxPackets=0 txBytes=0 txPackets=0 operations=0
09-26 13:58:26.316  1265  4148 I TetherStatsReporting:   [28] iface=wlan0 uid=10013 set=DEFAULT tag=0x0 rxBytes=5925 rxPackets=9 txBytes=2329 txPackets=12 operations=0
09-26 13:58:26.316  1265  4148 I TetherStatsReporting:   [29] iface=wlan0 uid=10013 set=FOREGROUND tag=0x0 rxBytes=23852 rxPackets=37 txBytes=8145 txPackets=44 operations=0
09-26 13:58:26.316  1265  4148 I TetherStatsReporting:   [30] iface=wlan0 uid=10016 set=DEFAULT tag=0x0 rxBytes=71526 rxPackets=111 txBytes=24195 txPackets=138 operations=0
09-26 13:58:26.316  1265  4148 I TetherStatsReporting:   [31] iface=wlan0 uid=10016 set=FOREGROUND tag=0x0 rxBytes=0 rxPackets=0 txBytes=0 txPackets=0 operations=0
09-26 13:58:26.316  1265  4148 I TetherStatsReporting:   [32] iface=wlan0 uid=10019 set=DEFAULT tag=0x0 rxBytes=208 rxPackets=4 txBytes=232 txPackets=4 operations=0
09-26 13:58:26.316  1265  4148 I TetherStatsReporting:   [33] iface=wlan0 uid=10019 set=FOREGROUND tag=0x0 rxBytes=5058 rxPackets=34 txBytes=4653 txPackets=49 operations=0
09-26 13:58:26.316  1265  4148 I TetherStatsReporting:   [34] iface=wlan0 uid=10021 set=DEFAULT tag=0x0 rxBytes=154865 rxPackets=247 txBytes=49119 txPackets=317 operations=0
09-26 13:58:26.316  1265  4148 I TetherStatsReporting:   [35]
09-26 13:58:26.316  1265  4148 I TetherStatsReporting: binding to service
09-26 13:58:26.355  5559  5826 I TrafficManageService: mina mTrafficStatsReceiver onReceive
09-26 13:58:26.356  5559  5826 W ContextImpl: Calling a method in the system process without a qualified user: android.app.ContextImpl.sendBroadcast:763 android.content.ContextWrapper.sendBroadcast:396 com.miui.networkassistant.service.tm.TrafficManageService.broadCastDataUsageUpdated:-1 com.miui.networkassistant.service.tm.TrafficManageService$8.onReceive:-1 android.app.LoadedApk$ReceiverDispatcher$Args.run:883 
09-26 13:58:28.833  4236  4236 D StatusBar.NetworkController: onSignalStrengthsChanged received on slotId :1signalStrength=SignalStrength: 99 0 -68 -70 -120 -1 -1 22 -97 -9 134 2147483647 2147483647 gsm|lte level=5 cdmdlevel=5 evdolevel=0
09-26 13:58:29.733  1265  5054 E LocSvc_libulp: I/int ulp_msg_process_system_update(UlpSystemEvent): systemEvent:5 
09-26 13:58:29.733  1265  5054 E LocSvc_libulp: I/int ulp_msg_process_start_req(), at ulp state = 1
09-26 13:58:29.734  1265  4559 E LocSvc_api_v02: I/---> locClientSendReq line 2020 QMI_LOC_GET_BEST_AVAILABLE_POSITION_REQ_V02
09-26 13:58:29.737  1265  4593 E LocSvc_ApiV02: I/<--- void globalRespCb(locClientHandleType, uint32_t, locClientRespIndUnionType, void*) line 115 QMI_LOC_GET_BEST_AVAILABLE_POSITION_REQ_V02
09-26 13:58:29.737  1265  5054 E LocSvc_libulp: I/int ulp_brain_process_zpp_position_report(loc_sess_status, LocPosTechMask, UlpLocation*), report ZPP position to providers,report_position = 1
09-26 13:58:32.663  4236  4236 D StatusBar.NetworkController: onSignalStrengthsChanged received on slotId :1signalStrength=SignalStrength: 99 0 -68 -70 -120 -1 -1 22 -97 -7 192 2147483647 2147483647 gsm|lte level=5 cdmdlevel=5 evdolevel=0
09-26 13:58:34.431  1265  4148 I TetherStatsReporting: getTetherStats() called NetworkStats: elapsedRealtime=394996386
09-26 13:58:34.431  1265  4148 I TetherStatsReporting:   [0] iface=rmnet_data1 uid=0 set=DEFAULT tag=0x0 rxBytes=352 rxPackets=5 txBytes=612 txPackets=11 operations=0
09-26 13:58:34.431  1265  4148 I TetherStatsReporting:   [1] iface=rmnet_data1 uid=0 set=FOREGROUND tag=0x0 rxBytes=0 rxPackets=0 txBytes=0 txPackets=0 operations=0
09-26 13:58:34.431  1265  4148 I TetherStatsReporting:   [2] iface=rmnet_data1 uid=1000 set=DEFAULT tag=0x0 rxBytes=292 rxPackets=4 txBytes=435 txPackets=5 operations=0
09-26 13:58:34.431  1265  4148 I TetherStatsReporting:   [3] iface=rmnet_data1 uid=1000 set=FOREGROUND tag=0x0 rxBytes=0 rxPackets=0 txBytes=0 txPackets=0 operations=0
09-26 13:58:34.431  1265  4148 I TetherStatsReporting:   [4] iface=rmnet_data1 uid=10021 set=DEFAULT tag=0x0 rxBytes=69310 rxPackets=18 txBytes=1619 txPackets=20 operations=0
09-26 13:58:34.431  1265  4148 I TetherStatsReporting:   [5] iface=rmnet_data1 uid=10021 set=FOREGROUND tag=0x0 rxBytes=0 rxPackets=0 txBytes=0 txPackets=0 operations=0
09-26 13:58:34.431  1265  4148 I TetherStatsReporting:   [6] iface=wlan0 uid=0 set=DEFAULT tag=0x0 rxBytes=7382829 rxPackets=36192 txBytes=2021917 txPackets=34242 operations=0
09-26 13:58:34.431  1265  4148 I TetherStatsReporting:   [7] iface=wlan0 uid=0 set=FOREGROUND tag=0x0 rxBytes=0 rxPackets=0 txBytes=0 txPackets=0 operations=0
09-26 13:58:34.431  1265  4148 I TetherStatsReporting:   [8] iface=wlan0 uid=1000 set=DEFAULT tag=0x0 rxBytes=1881331 rxPackets=2279 txBytes=325242 txPackets=2740 operations=0
09-26 13:58:34.431  1265  4148 I TetherStatsReporting:   [9] iface=wlan0 uid=1000 set=FOREGROUND tag=0x0 rxBytes=0 rxPackets=0 txBytes=0 txPackets=0 operations=0
09-26 13:58:34.431  1265  4148 I TetherStatsReporting:   [10] iface=wlan0 uid=1001 set=DEFAULT tag=0x0 rxBytes=495014 rxPackets=5849 txBytes=1323088 txPackets=11612 operations=0
09-26 13:58:34.431  1265  4148 I TetherStatsReporting:   [11] iface=wlan0 uid=1001 set=FOREGROUND tag=0x0 rxBytes=0 rxPackets=0 txBytes=0 txPackets=0 operations=0
09-26 13:58:34.431  1265  4148 I TetherStatsReporting:   [12] iface=wlan0 uid=1014 set=DEFAULT tag=0x0 rxBytes=32872 rxPackets=73 txBytes=23944 txPackets=73 operations=0
09-26 13:58:34.431  1265  4148 I TetherStatsReporting:   [13] iface=wlan0 uid=1014 set=FOREGROUND tag=0x0 rxBytes=0 rxPackets=0 txBytes=0 txPackets=0 operations=0
09-26 13:58:34.431  1265  4148 I TetherStatsReporting:   [14] iface=wlan0 uid=9801 set=DEFAULT tag=0x0 rxBytes=442048 rxPackets=649 txBytes=117266 txPackets=826 operations=0
09-26 13:58:34.431  1265  4148 I TetherStatsReporting:   [15] iface=wlan0 uid=9801 set=FOREGROUND tag=0x0 rxBytes=0 rxPackets=0 txBytes=0 txPackets=0 operations=0
09-26 13:58:34.431  1265  4148 I TetherStatsReporting:   [16] iface=wlan0 uid=9802 set=DEFAULT tag=0x0 rxBytes=88362 rxPackets=104 txBytes=20199 txPackets=114 operations=0
09-26 13:58:34.431  1265  4148 I TetherStatsReporting:   [17] iface=wlan0 uid=9802 set=FOREGROUND tag=0x0 rxBytes=0 rxPackets=0 txBytes=0 txPackets=0 operations=0
09-26 13:58:34.431  1265  4148 I TetherStatsReporting:   [18] iface=wlan0 uid=10000 set=DEFAULT tag=0x0 rxBytes=316100 rxPackets=476 txBytes=530288 txPackets=531 operations=0
09-26 13:58:34.431  1265  4148 I TetherStatsReporting:   [19] iface=wlan0 uid=10000 set=FOREGROUND tag=0x0 rxBytes=0 rxPackets=0 txBytes=0 txPackets=0 operations=0
09-26 13:58:34.431  1265  4148 I TetherStatsReporting:   [20] iface=wlan0 uid=10002 set=DEFAULT tag=0x0 rxBytes=4284 rxPackets=25 txBytes=10642 txPackets=39 operations=0
09-26 13:58:34.431  1265  4148 I TetherStatsReporting:   [21] iface=wlan0 uid=10002 set=FOREGROUND tag=0x0 rxBytes=0 rxPackets=0 txBytes=0 txPackets=0 operations=0
09-26 13:58:34.431  1265  4148 I TetherStatsReporting:   [22] iface=wlan0 uid=10003 set=DEFAULT tag=0x0 rxBytes=46207 rxPackets=73 txBytes=12031 txPackets=85 operations=0
09-26 13:58:34.431  1265  4148 I TetherStatsReporting:   [23] iface=wlan0 uid=10003 set=FOREGROUND tag=0x0 rxBytes=0 rxPackets=0 txBytes=0 txPackets=0 operations=0
09-26 13:58:34.431  1265  4148 I TetherStatsReporting:   [24] iface=wlan0 uid=10005 set=DEFAULT tag=0x0 rxBytes=70358 rxPackets=164 txBytes=38339 txPackets=212 operations=0
09-26 13:58:34.431  1265  4148 I TetherStatsReporting:   [25] iface=wlan0 uid=10005 set=FOREGROUND tag=0x0 rxBytes=32029 rxPackets=78 txBytes=19776 txPackets=93 operations=0
09-26 13:58:34.431  1265  4148 I TetherStatsReporting:   [26] iface=wlan0 uid=10010 set=DEFAULT tag=0x0 rxBytes=1880 rxPackets=11 txBytes=648 txPackets=15 operations=3
09-26 13:58:34.431  1265  4148 I TetherStatsReporting:   [27] iface=wlan0 uid=10010 set=FOREGROUND tag=0x0 rxBytes=0 rxPackets=0 txBytes=0 txPackets=0 operations=0
09-26 13:58:34.431  1265  4148 I TetherStatsReporting:   [28] iface=wlan0 uid=10013 set=DEFAULT tag=0x0 rxBytes=5925 rxPackets=9 txBytes=2329 txPackets=12 operations=0
09-26 13:58:34.431  1265  4148 I TetherStatsReporting:   [29] iface=wlan0 uid=10013 set=FOREGROUND tag=0x0 rxBytes=23852 rxPackets=37 txBytes=8145 txPackets=44 operations=0
09-26 13:58:34.431  1265  4148 I TetherStatsReporting:   [30] iface=wlan0 uid=10016 set=DEFAULT tag=0x0 rxBytes=71526 rxPackets=111 txBytes=24195 txPackets=138 operations=0
09-26 13:58:34.431  1265  4148 I TetherStatsReporting:   [31] iface=wlan0 uid=10016 set=FOREGROUND tag=0x0 rxBytes=0 rxPackets=0 txBytes=0 txPackets=0 operations=0
09-26 13:58:34.431  1265  4148 I TetherStatsReporting:   [32] iface=wlan0 uid=10019 set=DEFAULT tag=0x0 rxBytes=208 rxPackets=4 txBytes=232 txPackets=4 operations=0
09-26 13:58:34.431  1265  4148 I TetherStatsReporting:   [33] iface=wlan0 uid=10019 set=FOREGROUND tag=0x0 rxBytes=5058 rxPackets=34 txBytes=4653 txPackets=49 operations=0
09-26 13:58:34.431  1265  4148 I TetherStatsReporting:   [34] iface=wlan0 uid=10021 set=DEFAULT tag=0x0 rxBytes=154865 rxPackets=247 txBytes=49119 txPackets=317 operations=0
09-26 13:58:34.431  1265  4148 I TetherStatsReporting:   [35]
09-26 13:58:34.431  1265  4148 I TetherStatsReporting: binding to service
09-26 13:58:34.482  5559  5826 I TrafficManageService: mina mTrafficStatsReceiver onReceive
09-26 13:58:34.483  5559  5826 W ContextImpl: Calling a method in the system process without a qualified user: android.app.ContextImpl.sendBroadcast:763 android.content.ContextWrapper.sendBroadcast:396 com.miui.networkassistant.service.tm.TrafficManageService.broadCastDataUsageUpdated:-1 com.miui.networkassistant.service.tm.TrafficManageService$8.onReceive:-1 android.app.LoadedApk$ReceiverDispatcher$Args.run:883 
09-26 13:58:35.227  4236  4236 D StatusBar.NetworkController: onSignalStrengthsChanged received on slotId :1signalStrength=SignalStrength: 99 0 -68 -70 -120 -1 -1 21 -97 -7 198 2147483647 2147483647 gsm|lte level=5 cdmdlevel=5 evdolevel=0
09-26 13:58:35.796  4236  4236 D StatusBar.NetworkController: onSignalStrengthsChanged received on slotId :1signalStrength=SignalStrength: 99 0 -70 -70 -120 -1 -1 21 -97 -7 198 2147483647 2147483647 gsm|lte level=5 cdmdlevel=5 evdolevel=0
09-26 13:58:37.791  4236  4236 D StatusBar.NetworkController: onSignalStrengthsChanged received on slotId :1signalStrength=SignalStrength: 99 0 -70 -70 -120 -1 -1 21 -97 -9 130 2147483647 2147483647 gsm|lte level=5 cdmdlevel=5 evdolevel=0
09-26 13:58:38.569  1265  4355 W ActivityManager: Unable to start service Intent { cmp=com.miaomiaoce.mmc.owl/com.hyphenate.chat.EMChatService$1 } U=0: not found
09-26 13:58:42.909  4236  4236 D StatusBar.NetworkController: onSignalStrengthsChanged received on slotId :1signalStrength=SignalStrength: 99 0 -70 -70 -120 -1 -1 21 -97 -7 166 2147483647 2147483647 gsm|lte level=5 cdmdlevel=5 evdolevel=0
09-26 13:58:43.574  1265  4148 I TetherStatsReporting: getTetherStats() called NetworkStats: elapsedRealtime=395005529
09-26 13:58:43.574  1265  4148 I TetherStatsReporting:   [0] iface=rmnet_data1 uid=0 set=DEFAULT tag=0x0 rxBytes=352 rxPackets=5 txBytes=612 txPackets=11 operations=0
09-26 13:58:43.574  1265  4148 I TetherStatsReporting:   [1] iface=rmnet_data1 uid=0 set=FOREGROUND tag=0x0 rxBytes=0 rxPackets=0 txBytes=0 txPackets=0 operations=0
09-26 13:58:43.574  1265  4148 I TetherStatsReporting:   [2] iface=rmnet_data1 uid=1000 set=DEFAULT tag=0x0 rxBytes=292 rxPackets=4 txBytes=435 txPackets=5 operations=0
09-26 13:58:43.574  1265  4148 I TetherStatsReporting:   [3] iface=rmnet_data1 uid=1000 set=FOREGROUND tag=0x0 rxBytes=0 rxPackets=0 txBytes=0 txPackets=0 operations=0
09-26 13:58:43.574  1265  4148 I TetherStatsReporting:   [4] iface=rmnet_data1 uid=10021 set=DEFAULT tag=0x0 rxBytes=69310 rxPackets=18 txBytes=1619 txPackets=20 operations=0
09-26 13:58:43.574  1265  4148 I TetherStatsReporting:   [5] iface=rmnet_data1 uid=10021 set=FOREGROUND tag=0x0 rxBytes=0 rxPackets=0 txBytes=0 txPackets=0 operations=0
09-26 13:58:43.574  1265  4148 I TetherStatsReporting:   [6] iface=wlan0 uid=0 set=DEFAULT tag=0x0 rxBytes=7382829 rxPackets=36192 txBytes=2021917 txPackets=34242 operations=0
09-26 13:58:43.574  1265  4148 I TetherStatsReporting:   [7] iface=wlan0 uid=0 set=FOREGROUND tag=0x0 rxBytes=0 rxPackets=0 txBytes=0 txPackets=0 operations=0
09-26 13:58:43.574  1265  4148 I TetherStatsReporting:   [8] iface=wlan0 uid=1000 set=DEFAULT tag=0x0 rxBytes=1881331 rxPackets=2279 txBytes=325242 txPackets=2740 operations=0
09-26 13:58:43.574  1265  4148 I TetherStatsReporting:   [9] iface=wlan0 uid=1000 set=FOREGROUND tag=0x0 rxBytes=0 rxPackets=0 txBytes=0 txPackets=0 operations=0
09-26 13:58:43.574  1265  4148 I TetherStatsReporting:   [10] iface=wlan0 uid=1001 set=DEFAULT tag=0x0 rxBytes=495014 rxPackets=5849 txBytes=1323088 txPackets=11612 operations=0
09-26 13:58:43.574  1265  4148 I TetherStatsReporting:   [11] iface=wlan0 uid=1001 set=FOREGROUND tag=0x0 rxBytes=0 rxPackets=0 txBytes=0 txPackets=0 operations=0
09-26 13:58:43.574  1265  4148 I TetherStatsReporting:   [12] iface=wlan0 uid=1014 set=DEFAULT tag=0x0 rxBytes=32872 rxPackets=73 txBytes=23944 txPackets=73 operations=0
09-26 13:58:43.574  1265  4148 I TetherStatsReporting:   [13] iface=wlan0 uid=1014 set=FOREGROUND tag=0x0 rxBytes=0 rxPackets=0 txBytes=0 txPackets=0 operations=0
09-26 13:58:43.574  1265  4148 I TetherStatsReporting:   [14] iface=wlan0 uid=9801 set=DEFAULT tag=0x0 rxBytes=442048 rxPackets=649 txBytes=117266 txPackets=826 operations=0
09-26 13:58:43.574  1265  4148 I TetherStatsReporting:   [15] iface=wlan0 uid=9801 set=FOREGROUND tag=0x0 rxBytes=0 rxPackets=0 txBytes=0 txPackets=0 operations=0
