09-26 13:42:58.891  5559  5826 W ContextImpl: Calling a method in the system process without a qualified user: android.app.ContextImpl.sendBroadcast:763 android.content.ContextWrapper.sendBroadcast:396 com.miui.networkassistant.service.tm.TrafficManageService.broadCastDataUsageUpdated:-1 com.miui.networkassistant.service.tm.TrafficManageService$8.onReceive:-1 android.app.LoadedApk$ReceiverDispatcher$Args.run:883 
09-26 13:43:08.020  5559  5826 W ContextImpl: Calling a method in the system process without a qualified user: android.app.ContextImpl.sendBroadcast:763 android.content.ContextWrapper.sendBroadcast:396 com.miui.networkassistant.service.tm.TrafficManageService.broadCastDataUsageUpdated:-1 com.miui.networkassistant.service.tm.TrafficManageService$8.onReceive:-1 android.app.LoadedApk$ReceiverDispatcher$Args.run:883 
09-26 13:43:16.222  5559  5826 W ContextImpl: Calling a method in the system process without a qualified user: android.app.ContextImpl.sendBroadcast:763 android.content.ContextWrapper.sendBroadcast:396 com.miui.networkassistant.service.tm.TrafficManageService.broadCastDataUsageUpdated:-1 com.miui.networkassistant.service.tm.TrafficManageService$8.onReceive:-1 android.app.LoadedApk$ReceiverDispatcher$Args.run:883 
09-26 13:43:24.360  5559  5826 W ContextImpl: Calling a method in the system process without a qualified user: android.app.ContextImpl.sendBroadcast:763 android.content.ContextWrapper.sendBroadcast:396 com.miui.networkassistant.service.tm.TrafficManageService.broadCastDataUsageUpdated:-1 com.miui.networkassistant.service.tm.TrafficManageService$8.onReceive:-1 android.app.LoadedApk$ReceiverDispatcher$Args.run:883 
09-26 13:43:32.406  5559  5826 W ContextImpl: Calling a method in the system process without a qualified user: android.app.ContextImpl.sendBroadcast:763 android.content.ContextWrapper.sendBroadcast:396 com.miui.networkassistant.service.tm.TrafficManageService.broadCastDataUsageUpdated:-1 com.miui.networkassistant.service.tm.TrafficManageService$8.onReceive:-1 android.app.LoadedApk$ReceiverDispatcher$Args.run:883 
09-26 13:43:36.118  1265  4220 W ActivityManager: Unable to start service Intent { cmp=com.miaomiaoce.mmc.owl/com.hyphenate.chat.EMChatService$1 } U=0: not found
09-26 13:43:40.538  5559  5826 W ContextImpl: Calling a method in the system process without a qualified user: android.app.ContextImpl.sendBroadcast:763 android.content.ContextWrapper.sendBroadcast:396 com.miui.networkassistant.service.tm.TrafficManageService.broadCastDataUsageUpdated:-1 com.miui.networkassistant.service.tm.TrafficManageService$8.onReceive:-1 android.app.LoadedApk$ReceiverDispatcher$Args.run:883 
09-26 13:44:46.267  1265  4140 I ActivityManager: Start proc 20995:com.miui.player/u0a22 for service com.miui.player/.notification.NotificationService
09-26 13:44:46.853  1265  4271 I ActivityManager: Start proc 21025:com.miui.player:remote/u0a22 for content provider com.miui.player/.content.MusicPrivateProvider
09-26 13:44:47.165  1265  6857 I ActivityManager: Killing 17646:com.baidu.BaiduMap:bdservice_v1/u0a101 (adj 15): empty for 5402s
09-26 13:44:52.493  1265  6856 I ActivityManager: Killing 17240:com.xiaomi.account/u0a81 (adj 15): empty for 5363s
09-26 13:46:00.940  1265  1265 V NotificationService: pkg=com.ximalaya.ting.android canInterrupt=true intercept=true
09-26 13:46:01.504  5559  5826 W ContextImpl: Calling a method in the system process without a qualified user: android.app.ContextImpl.sendBroadcast:763 android.content.ContextWrapper.sendBroadcast:396 com.miui.networkassistant.service.tm.TrafficManageService.broadCastDataUsageUpdated:-1 com.miui.networkassistant.service.tm.TrafficManageService$8.onReceive:-1 android.app.LoadedApk$ReceiverDispatcher$Args.run:883 
09-26 13:46:01.758  5559  5826 W ContextImpl: Calling a method in the system process without a qualified user: android.app.ContextImpl.sendBroadcast:763 android.content.ContextWrapper.sendBroadcast:396 com.miui.networkassistant.service.tm.TrafficManageService.broadCastDataUsageUpdated:-1 com.miui.networkassistant.service.tm.TrafficManageService$8.onReceive:-1 android.app.LoadedApk$ReceiverDispatcher$Args.run:883 
09-26 13:46:01.786  1265  1265 V NotificationService: pkg=com.ximalaya.ting.android canInterrupt=true intercept=true
09-26 13:46:01.852  1265  1265 V NotificationService: pkg=com.ximalaya.ting.android canInterrupt=true intercept=true
09-26 13:46:01.942  5559  5826 W ContextImpl: Calling a method in the system process without a qualified user: android.app.ContextImpl.sendBroadcast:763 android.content.ContextWrapper.sendBroadcast:396 com.miui.networkassistant.service.tm.TrafficManageService.broadCastDataUsageUpdated:-1 com.miui.networkassistant.service.tm.TrafficManageService$8.onReceive:-1 android.app.LoadedApk$ReceiverDispatcher$Args.run:883 
09-26 13:46:02.143  5559  5826 W ContextImpl: Calling a method in the system process without a qualified user: android.app.ContextImpl.sendBroadcast:763 android.content.ContextWrapper.sendBroadcast:396 com.miui.networkassistant.service.tm.TrafficManageService.broadCastDataUsageUpdated:-1 com.miui.networkassistant.service.tm.TrafficManageService$8.onReceive:-1 android.app.LoadedApk$ReceiverDispatcher$Args.run:883 
09-26 13:46:02.309  5559  5826 W ContextImpl: Calling a method in the system process without a qualified user: android.app.ContextImpl.sendBroadcast:763 android.content.ContextWrapper.sendBroadcast:396 com.miui.networkassistant.service.tm.TrafficManageService.broadCastDataUsageUpdated:-1 com.miui.networkassistant.service.tm.TrafficManageService$8.onReceive:-1 android.app.LoadedApk$ReceiverDispatcher$Args.run:883 
09-26 13:46:02.514  5559  5826 W ContextImpl: Calling a method in the system process without a qualified user: android.app.ContextImpl.sendBroadcast:763 android.content.ContextWrapper.sendBroadcast:396 com.miui.networkassistant.service.tm.TrafficManageService.broadCastDataUsageUpdated:-1 com.miui.networkassistant.service.tm.TrafficManageService$8.onReceive:-1 android.app.LoadedApk$ReceiverDispatcher$Args.run:883 
09-26 13:46:02.706  5559  5826 W ContextImpl: Calling a method in the system process without a qualified user: android.app.ContextImpl.sendBroadcast:763 android.content.ContextWrapper.sendBroadcast:396 com.miui.networkassistant.service.tm.TrafficManageService.broadCastDataUsageUpdated:-1 com.miui.networkassistant.service.tm.TrafficManageService$8.onReceive:-1 android.app.LoadedApk$ReceiverDispatcher$Args.run:883 
09-26 13:46:02.894  5559  5826 W ContextImpl: Calling a method in the system process without a qualified user: android.app.ContextImpl.sendBroadcast:763 android.content.ContextWrapper.sendBroadcast:396 com.miui.networkassistant.service.tm.TrafficManageService.broadCastDataUsageUpdated:-1 com.miui.networkassistant.service.tm.TrafficManageService$8.onReceive:-1 android.app.LoadedApk$ReceiverDispatcher$Args.run:883 
09-26 13:46:03.102  5559  5826 W ContextImpl: Calling a method in the system process without a qualified user: android.app.ContextImpl.sendBroadcast:763 android.content.ContextWrapper.sendBroadcast:396 com.miui.networkassistant.service.tm.TrafficManageService.broadCastDataUsageUpdated:-1 com.miui.networkassistant.service.tm.TrafficManageService$8.onReceive:-1 android.app.LoadedApk$ReceiverDispatcher$Args.run:883 
09-26 13:46:03.294  5559  5826 W ContextImpl: Calling a method in the system process without a qualified user: android.app.ContextImpl.sendBroadcast:763 android.content.ContextWrapper.sendBroadcast:396 com.miui.networkassistant.service.tm.TrafficManageService.broadCastDataUsageUpdated:-1 com.miui.networkassistant.service.tm.TrafficManageService$8.onReceive:-1 android.app.LoadedApk$ReceiverDispatcher$Args.run:883 
09-26 13:46:03.458  5559  5826 W ContextImpl: Calling a method in the system process without a qualified user: android.app.ContextImpl.sendBroadcast:763 android.content.ContextWrapper.sendBroadcast:396 com.miui.networkassistant.service.tm.TrafficManageService.broadCastDataUsageUpdated:-1 com.miui.networkassistant.service.tm.TrafficManageService$8.onReceive:-1 android.app.LoadedApk$ReceiverDispatcher$Args.run:883 
09-26 13:46:03.652  5559  5826 W ContextImpl: Calling a method in the system process without a qualified user: android.app.ContextImpl.sendBroadcast:763 android.content.ContextWrapper.sendBroadcast:396 com.miui.networkassistant.service.tm.TrafficManageService.broadCastDataUsageUpdated:-1 com.miui.networkassistant.service.tm.TrafficManageService$8.onReceive:-1 android.app.LoadedApk$ReceiverDispatcher$Args.run:883 
09-26 13:46:03.841  5559  5826 W ContextImpl: Calling a method in the system process without a qualified user: android.app.ContextImpl.sendBroadcast:763 android.content.ContextWrapper.sendBroadcast:396 com.miui.networkassistant.service.tm.TrafficManageService.broadCastDataUsageUpdated:-1 com.miui.networkassistant.service.tm.TrafficManageService$8.onReceive:-1 android.app.LoadedApk$ReceiverDispatcher$Args.run:883 
09-26 13:46:04.044  5559  5826 W ContextImpl: Calling a method in the system process without a qualified user: android.app.ContextImpl.sendBroadcast:763 android.content.ContextWrapper.sendBroadcast:396 com.miui.networkassistant.service.tm.TrafficManageService.broadCastDataUsageUpdated:-1 com.miui.networkassistant.service.tm.TrafficManageService$8.onReceive:-1 android.app.LoadedApk$ReceiverDispatcher$Args.run:883 
09-26 13:46:04.235  5559  5826 W ContextImpl: Calling a method in the system process without a qualified user: android.app.ContextImpl.sendBroadcast:763 android.content.ContextWrapper.sendBroadcast:396 com.miui.networkassistant.service.tm.TrafficManageService.broadCastDataUsageUpdated:-1 com.miui.networkassistant.service.tm.TrafficManageService$8.onReceive:-1 android.app.LoadedApk$ReceiverDispatcher$Args.run:883 
09-26 13:46:04.435  5559  5826 W ContextImpl: Calling a method in the system process without a qualified user: android.app.ContextImpl.sendBroadcast:763 android.content.ContextWrapper.sendBroadcast:396 com.miui.networkassistant.service.tm.TrafficManageService.broadCastDataUsageUpdated:-1 com.miui.networkassistant.service.tm.TrafficManageService$8.onReceive:-1 android.app.LoadedApk$ReceiverDispatcher$Args.run:883 
09-26 13:46:04.616  5559  5826 W ContextImpl: Calling a method in the system process without a qualified user: android.app.ContextImpl.sendBroadcast:763 android.content.ContextWrapper.sendBroadcast:396 com.miui.networkassistant.service.tm.TrafficManageService.broadCastDataUsageUpdated:-1 com.miui.networkassistant.service.tm.TrafficManageService$8.onReceive:-1 android.app.LoadedApk$ReceiverDispatcher$Args.run:883 
09-26 13:46:04.811  5559  5826 W ContextImpl: Calling a method in the system process without a qualified user: android.app.ContextImpl.sendBroadcast:763 android.content.ContextWrapper.sendBroadcast:396 com.miui.networkassistant.service.tm.TrafficManageService.broadCastDataUsageUpdated:-1 com.miui.networkassistant.service.tm.TrafficManageService$8.onReceive:-1 android.app.LoadedApk$ReceiverDispatcher$Args.run:883 
09-26 13:46:11.212  5559  5826 W ContextImpl: Calling a method in the system process without a qualified user: android.app.ContextImpl.sendBroadcast:763 android.content.ContextWrapper.sendBroadcast:396 com.miui.networkassistant.service.tm.TrafficManageService.broadCastDataUsageUpdated:-1 com.miui.networkassistant.service.tm.TrafficManageService$8.onReceive:-1 android.app.LoadedApk$ReceiverDispatcher$Args.run:883 
09-26 13:46:19.408  5559  5826 W ContextImpl: Calling a method in the system process without a qualified user: android.app.ContextImpl.sendBroadcast:763 android.content.ContextWrapper.sendBroadcast:396 com.miui.networkassistant.service.tm.TrafficManageService.broadCastDataUsageUpdated:-1 com.miui.networkassistant.service.tm.TrafficManageService$8.onReceive:-1 android.app.LoadedApk$ReceiverDispatcher$Args.run:883 
09-26 13:46:28.465  5559  5826 W ContextImpl: Calling a method in the system process without a qualified user: android.app.ContextImpl.sendBroadcast:763 android.content.ContextWrapper.sendBroadcast:396 com.miui.networkassistant.service.tm.TrafficManageService.broadCastDataUsageUpdated:-1 com.miui.networkassistant.service.tm.TrafficManageService$8.onReceive:-1 android.app.LoadedApk$ReceiverDispatcher$Args.run:883 
09-26 13:46:36.572  5559  5826 W ContextImpl: Calling a method in the system process without a qualified user: android.app.ContextImpl.sendBroadcast:763 android.content.ContextWrapper.sendBroadcast:396 com.miui.networkassistant.service.tm.TrafficManageService.broadCastDataUsageUpdated:-1 com.miui.networkassistant.service.tm.TrafficManageService$8.onReceive:-1 android.app.LoadedApk$ReceiverDispatcher$Args.run:883 
09-26 13:46:44.643  5559  5826 W ContextImpl: Calling a method in the system process without a qualified user: android.app.ContextImpl.sendBroadcast:763 android.content.ContextWrapper.sendBroadcast:396 com.miui.networkassistant.service.tm.TrafficManageService.broadCastDataUsageUpdated:-1 com.miui.networkassistant.service.tm.TrafficManageService$8.onReceive:-1 android.app.LoadedApk$ReceiverDispatcher$Args.run:883 
09-26 13:46:52.775  5559  5826 W ContextImpl: Calling a method in the system process without a qualified user: android.app.ContextImpl.sendBroadcast:763 android.content.ContextWrapper.sendBroadcast:396 com.miui.networkassistant.service.tm.TrafficManageService.broadCastDataUsageUpdated:-1 com.miui.networkassistant.service.tm.TrafficManageService$8.onReceive:-1 android.app.LoadedApk$ReceiverDispatcher$Args.run:883 
09-26 13:47:00.947  5559  5826 W ContextImpl: Calling a method in the system process without a qualified user: android.app.ContextImpl.sendBroadcast:763 android.content.ContextWrapper.sendBroadcast:396 com.miui.networkassistant.service.tm.TrafficManageService.broadCastDataUsageUpdated:-1 com.miui.networkassistant.service.tm.TrafficManageService$8.onReceive:-1 android.app.LoadedApk$ReceiverDispatcher$Args.run:883 
09-26 13:48:36.962  1265  6857 W ActivityManager: Unable to start service Intent { cmp=com.miaomiaoce.mmc.owl/com.hyphenate.chat.EMChatService$1 } U=0: not found
09-26 13:48:52.064  1265  4142 V WiredAccessoryManager: notifyWiredAccessoryChanged: when=126677318539000 bits=SW_MICROPHONE_INSERT mask=10
09-26 13:48:52.065  1265  4142 V WiredAccessoryManager: newName=h2w newState=1 headsetState=1 prev headsetState=2
09-26 13:48:52.066  1265  1265 V WiredAccessoryManager: headsetName:  disconnected
09-26 13:48:52.067  1265  1265 V WiredAccessoryManager: headsetName:  connected
09-26 13:48:52.097  1265  1265 V NotificationService: pkg=com.ximalaya.ting.android canInterrupt=true intercept=true
09-26 13:48:52.829  4236  4236 W ContextImpl: Calling a method in the system process without a qualified user: android.app.ContextImpl.sendBroadcast:763 android.content.ContextWrapper.sendBroadcast:396 com.android.systemui.statusbar.phone.PhoneStatusBarPolicy.updateHeadsetInternal:507 com.android.systemui.statusbar.phone.PhoneStatusBarPolicy.updateHeadset:478 com.android.systemui.statusbar.phone.PhoneStatusBarPolicy.access$600:71 
09-26 13:48:52.868  1265  6857 I PowerManagerService: Waking up from sleep (uid 1000)...
09-26 13:48:52.869  1265  1302 I DisplayPowerController: Blocking screen on until initial contents have been drawn.
09-26 13:48:52.871  4236  4236 W ContextImpl: Calling a method in the system process without a qualified user: android.app.ContextImpl.sendBroadcast:763 android.content.ContextWrapper.sendBroadcast:396 com.android.systemui.statusbar.phone.PhoneStatusBarPolicy.updateHeadsetInternal:507 com.android.systemui.statusbar.phone.PhoneStatusBarPolicy.updateHeadset:478 com.android.systemui.statusbar.phone.PhoneStatusBarPolicy.access$600:71 
09-26 13:48:52.879  4236  5319 W ContextImpl: Calling a method in the system process without a qualified user: android.app.ContextImpl.bindService:1285 android.content.ContextWrapper.bindService:604 com.xiaomi.mistatistic.sdk.controller.LocalEventRecorder.a:-1 com.xiaomi.mistatistic.sdk.controller.LocalEventRecorder.b:-1 com.xiaomi.mistatistic.sdk.controller.LocalEventRecorder.a:-1 
09-26 13:48:52.870  1265  1302 D AutomaticBrightnessController: setProximitySensorEnabled enable
09-26 13:48:52.891  1265  1302 D AutomaticBrightnessController: setLightSensorEnabled enable
09-26 13:48:52.896  1265  1300 I DisplayManagerService: Display device changed state: "", ON
09-26 13:48:52.907  1265  4355 W ActivityManager: Unable to start service Intent { cmp=com.xiaomi.xmsf/.push.service.StatService } U=0: not found
09-26 13:48:52.972  1265  4153 D ConnectivityService: notifyType CAP_CHANGED for NetworkAgentInfo [WIFI () - 192]
09-26 13:48:53.271  1265  1265 V LocationPolicy: Screen state changed
09-26 13:48:53.288  1265  4679 V LocationPolicy: writePolicyLocked()
09-26 13:48:53.333  1265  1302 D AutomaticBrightnessController: mLightSensorListener mProximity=1 ,time=126678626 ,lux=2.0700073
09-26 13:48:53.371  1265  1302 I DisplayPowerController: Unblocked screen on after 502 ms
09-26 13:48:53.746  1265  1302 D AutomaticBrightnessController: drop the lightsensor event ,time=126679038 ,lux=3.449997
09-26 13:48:53.775  1265  4142 D InputManager: cover modeOn = false
09-26 13:48:54.158  1265  1302 D AutomaticBrightnessController: updateAmbientLux: Brightened: mBrighteningLuxThreshold=5.017943, mAmbientLightRingBuffer=[2.0700073 / 824ms, 24.149994 / 0ms], mAmbientLux=4.561766
09-26 13:48:54.365  1265  1302 D AutomaticBrightnessController: updateAmbientLux: Brightened: mBrighteningLuxThreshold=8.44728, mAmbientLightRingBuffer=[2.0700073 / 824ms, 24.149994 / 207ms, 17.25 / 0ms], mAmbientLux=7.6793456
09-26 13:48:54.575  1265  1302 D AutomaticBrightnessController: updateAmbientLux: Brightened: mBrighteningLuxThreshold=10.259781, mAmbientLightRingBuffer=[2.0700073 / 824ms, 24.149994 / 207ms, 17.25 / 210ms, 17.940002 / 0ms], mAmbientLux=9.327073
09-26 13:48:54.778  1265  1302 D AutomaticBrightnessController: updateAmbientLux: Brightened: mBrighteningLuxThreshold=11.653912, mAmbientLightRingBuffer=[2.0700073 / 824ms, 24.149994 / 207ms, 17.25 / 210ms, 17.940002 / 203ms, 18.630005 / 0ms], mAmbientLux=10.594465
09-26 13:48:55.992  1265  4153 D ConnectivityService: notifyType CAP_CHANGED for NetworkAgentInfo [WIFI () - 192]
09-26 13:48:58.160  1265  1302 D AutomaticBrightnessController: updateAmbientLux: Brightened: mBrighteningLuxThreshold=20.207663, mAmbientLightRingBuffer=[2.0700073 / 824ms, 24.149994 / 207ms, 17.25 / 210ms, 17.940002 / 203ms, 18.630005 / 205ms, 19.320007 / 208ms, 20.699997 / 2570ms, 22.080002 / 400ms], mAmbientLux=18.370602
09-26 13:48:59.215  1265  1265 V NotificationService: pkg=com.ximalaya.ting.android canInterrupt=true intercept=true
09-26 13:48:59.230  1265  1265 V NotificationService: pkg=com.ximalaya.ting.android canInterrupt=true intercept=true
09-26 13:49:01.023  1265  1297 I BatteryStatsImpl: Resetting battery stats: level=97 status=2 dischargeLevel=97 lowAmount=99 highAmount=103
09-26 13:49:01.113  1265  1295 I ActivityManager: Start proc 21198:com.miui.video/u0a61 for broadcast com.miui.video/.schedule.UsbChargingReceiver
09-26 13:49:01.114  1265  1295 W BroadcastQueue: Unable to launch app com.miui.video/10061 for broadcast Intent { act=android.intent.action.ACTION_POWER_DISCONNECTED flg=0x4000010 }: process is bad
09-26 13:49:01.165  1265  1295 I ActivityManager: Start proc 21211:com.baidu.BaiduMap:bdservice_v1/u0a101 for broadcast com.baidu.BaiduMap/com.baidu.android.pushservice.PushServiceReceiver
09-26 13:49:01.166  1265  1295 W BroadcastQueue: Unable to launch app com.baidu.BaiduMap/10101 for broadcast Intent { act=android.intent.action.ACTION_POWER_DISCONNECTED flg=0x4000010 }: process is bad
09-26 13:49:01.218  1265  1283 I ActivityManager: Killing 17267:com.xiaomi.market:guard/u0a60 (adj 15): empty for 5610s
09-26 13:49:01.221  1265  6855 I ActivityManager: Killing 17669:com.xiaomi.market/u0a60 (adj 15): empty for 4812s
09-26 13:49:01.259  1265  1302 D AutomaticBrightnessController: drop the lightsensor event ,time=126686551 ,lux=1.3800049
09-26 13:49:01.301  1265  4142 W ContextImpl: Calling a method in the system process without a qualified user: android.app.ContextImpl.sendBroadcast:763 com.android.server.policy.BaseMiuiPhoneWindowManager.notifyLidSwitchChanged:340 com.android.server.wm.InputMonitor.notifyLidSwitchChanged:344 com.android.server.input.InputManagerService.notifySwitch:1540 <bottom of call stack> 
09-26 13:49:01.302  1265  4142 I PowerManagerService: Going to sleep due to lid switch (uid 1000)...
09-26 13:49:01.302  1265  4142 I PowerManagerService: Sleeping (uid 1000)...
09-26 13:49:01.305  1265  4142 D InputManager: cover modeOn = true
09-26 13:49:01.398  1265  1302 D AutomaticBrightnessController: setProximitySensorEnabled disable
09-26 13:49:01.400  1265  1302 D AutomaticBrightnessController: setLightSensorEnabled disable
09-26 13:49:01.401  1265  1300 I DisplayManagerService: Display device changed state: "", OFF
09-26 13:49:01.721  1265  1265 V LocationPolicy: Screen state changed
09-26 13:49:01.766  1265  4142 I PowerManagerService: Waking up from sleep (uid 1000)...
09-26 13:49:01.768  1265  4142 D InputManager: cover modeOn = false
09-26 13:49:01.784  1265  1302 I DisplayPowerController: Blocking screen on until initial contents have been drawn.
09-26 13:49:01.792  1265  1302 D AutomaticBrightnessController: setProximitySensorEnabled enable
09-26 13:49:01.796  1265  1302 D AutomaticBrightnessController: setLightSensorEnabled enable
09-26 13:49:01.801  1265  1300 I DisplayManagerService: Display device changed state: "", ON
09-26 13:49:01.842  1265  1265 V LocationPolicy: Screen state changed
09-26 13:49:01.852  1265  4153 D ConnectivityService: notifyType CAP_CHANGED for NetworkAgentInfo [WIFI () - 192]
09-26 13:49:01.912  1265  1302 I DisplayPowerController: Unblocked screen on after 128 ms
09-26 13:49:02.218  1265  1302 D AutomaticBrightnessController: mLightSensorListener mProximity=1 ,time=126687510 ,lux=1.0299988
09-26 13:49:02.389  1265  4142 W ContextImpl: Calling a method in the system process without a qualified user: android.app.ContextImpl.sendBroadcast:763 com.android.server.policy.BaseMiuiPhoneWindowManager.notifyLidSwitchChanged:340 com.android.server.wm.InputMonitor.notifyLidSwitchChanged:344 com.android.server.input.InputManagerService.notifySwitch:1540 <bottom of call stack> 
09-26 13:49:02.391  1265  4142 I PowerManagerService: Going to sleep due to lid switch (uid 1000)...
09-26 13:49:02.391  1265  4142 I PowerManagerService: Sleeping (uid 1000)...
09-26 13:49:02.396  1265  4142 D InputManager: cover modeOn = true
09-26 13:49:02.517  1265  1302 D AutomaticBrightnessController: setProximitySensorEnabled disable
09-26 13:49:02.521  1265  1302 D AutomaticBrightnessController: setLightSensorEnabled disable
09-26 13:49:02.523  1265  1300 I DisplayManagerService: Display device changed state: "", OFF
09-26 13:49:02.893  1265  1265 V LocationPolicy: Screen state changed
09-26 13:49:02.908  1265  6858 W ActivityManager: Unbind failed: could not find connection for android.os.BinderProxy@9a261f6
09-26 13:49:08.216  1265  4142 I PowerManagerService: Waking up from sleep (uid 1000)...
09-26 13:49:08.218  1265  4142 D InputManager: cover modeOn = false
09-26 13:49:08.252  1265  1302 I DisplayPowerController: Blocking screen on until initial contents have been drawn.
09-26 13:49:08.261  1265  1265 V LocationPolicy: Screen state changed
09-26 13:49:08.261  4236  5319 W ContextImpl: Calling a method in the system process without a qualified user: android.app.ContextImpl.bindService:1285 android.content.ContextWrapper.bindService:604 com.xiaomi.mistatistic.sdk.controller.LocalEventRecorder.a:-1 com.xiaomi.mistatistic.sdk.controller.LocalEventRecorder.b:-1 com.xiaomi.mistatistic.sdk.controller.LocalEventRecorder.a:-1 
09-26 13:49:08.262  1265  1302 D AutomaticBrightnessController: setProximitySensorEnabled enable
09-26 13:49:08.270  1265  1302 D AutomaticBrightnessController: setLightSensorEnabled enable
09-26 13:49:08.272  1265  6858 W ActivityManager: Unable to start service Intent { cmp=com.xiaomi.xmsf/.push.service.StatService } U=0: not found
09-26 13:49:08.274  1265  1300 I DisplayManagerService: Display device changed state: "", ON
09-26 13:49:08.454  1265  1302 I DisplayPowerController: Unblocked screen on after 202 ms
09-26 13:49:08.569  1265  4142 W ContextImpl: Calling a method in the system process without a qualified user: android.app.ContextImpl.sendBroadcast:763 com.android.server.policy.BaseMiuiPhoneWindowManager.notifyLidSwitchChanged:340 com.android.server.wm.InputMonitor.notifyLidSwitchChanged:344 com.android.server.input.InputManagerService.notifySwitch:1540 <bottom of call stack> 
09-26 13:49:08.570  1265  4142 I PowerManagerService: Going to sleep due to lid switch (uid 1000)...
09-26 13:49:08.570  1265  4142 I PowerManagerService: Sleeping (uid 1000)...
09-26 13:49:08.723  1265  4142 D InputManager: cover modeOn = true
09-26 13:49:08.791  1265  1302 D AutomaticBrightnessController: mLightSensorListener mProximity=1 ,time=126694083 ,lux=1.0299988
09-26 13:49:08.826  1265  1302 D AutomaticBrightnessController: setProximitySensorEnabled disable
09-26 13:49:08.831  1265  1302 D AutomaticBrightnessController: setLightSensorEnabled disable
09-26 13:49:08.832  1265  1300 I DisplayManagerService: Display device changed state: "", OFF
09-26 13:49:09.171  1265  6855 W ActivityManager: Unbind failed: could not find connection for android.os.BinderProxy@19bce85
09-26 13:49:09.189  1265  1265 V LocationPolicy: Screen state changed
09-26 13:49:10.762  1265  4142 I PowerManagerService: Waking up from sleep (uid 1000)...
09-26 13:49:10.764  1265  4142 D InputManager: cover modeOn = false
09-26 13:49:10.784  1265  1302 I DisplayPowerController: Blocking screen on until initial contents have been drawn.
09-26 13:49:10.793  1265  1302 D AutomaticBrightnessController: setProximitySensorEnabled enable
09-26 13:49:10.798  1265  1302 D AutomaticBrightnessController: setLightSensorEnabled enable
09-26 13:49:10.799  4236  5319 W ContextImpl: Calling a method in the system process without a qualified user: android.app.ContextImpl.bindService:1285 android.content.ContextWrapper.bindService:604 com.xiaomi.mistatistic.sdk.controller.LocalEventRecorder.a:-1 com.xiaomi.mistatistic.sdk.controller.LocalEventRecorder.b:-1 com.xiaomi.mistatistic.sdk.controller.LocalEventRecorder.a:-1 
09-26 13:49:10.801  1265  4655 W ActivityManager: Unable to start service Intent { cmp=com.xiaomi.xmsf/.push.service.StatService } U=0: not found
09-26 13:49:10.804  1265  1300 I DisplayManagerService: Display device changed state: "", ON
09-26 13:49:10.855  1265  1265 V LocationPolicy: Screen state changed
09-26 13:49:11.006  1265  1302 I DisplayPowerController: Unblocked screen on after 222 ms
09-26 13:49:11.241  1265  1302 D AutomaticBrightnessController: mLightSensorListener mProximity=1 ,time=126696534 ,lux=1.3800049
09-26 13:49:11.375  1265  1265 I EntropyMixer: Writing entropy...
09-26 13:49:11.444  4236  4236 W PowerUI : unknown intent: Intent { act=android.intent.action.ACTION_POWER_CONNECTED flg=0x4000010 }
09-26 13:49:11.652  1265  1302 D AutomaticBrightnessController: drop the lightsensor event ,time=126696944 ,lux=2.0700073
09-26 13:49:11.740  1265  1265 V NotificationService: pkg=android canInterrupt=true intercept=true
09-26 13:49:11.745  1265  1265 V NotificationService: pkg=android canInterrupt=true intercept=true
09-26 13:49:11.788  1265  4271 W ActivityManager: Unbind failed: could not find connection for android.os.BinderProxy@a8534a6
09-26 13:49:11.805 11683 11683 W ContextImpl: Calling a method in the system process without a qualified user: android.app.ContextImpl.startService:1221 android.content.ContextWrapper.startService:581 android.content.ContextWrapper.startService:581 com.android.settings.AnalyticsReceiver.onReceive:24 android.app.ActivityThread.handleReceiver:2732 
09-26 13:49:11.819 11683 21510 W ContextImpl: Calling a method in the system process without a qualified user: android.app.ContextImpl.bindService:1285 android.content.ContextWrapper.bindService:604 miui.analytics.Analytics.endSession:120 com.android.settings.analytics.AnalyticService.onHandleIntent:93 android.app.IntentService$ServiceHandler.handleMessage:66 
09-26 13:49:11.875 11683 11683 W ContextImpl: Calling a method in the system process without a qualified user: android.app.ContextImpl.startService:1221 android.content.ContextWrapper.startService:581 android.content.ContextWrapper.startService:581 com.android.settings.AnalyticsReceiver.onReceive:24 android.app.ActivityThread.handleReceiver:2732 
09-26 13:49:11.901 11683 21511 W ContextImpl: Calling a method in the system process without a qualified user: android.app.ContextImpl.bindService:1285 android.content.ContextWrapper.bindService:604 miui.analytics.Analytics.endSession:120 com.android.settings.analytics.AnalyticService.onHandleIntent:93 android.app.IntentService$ServiceHandler.handleMessage:66 
09-26 13:49:11.933 11683 11683 W ContextImpl: Calling a method in the system process without a qualified user: android.app.ContextImpl.startService:1221 android.content.ContextWrapper.startService:581 android.content.ContextWrapper.startService:581 com.android.settings.AnalyticsReceiver.onReceive:24 android.app.ActivityThread.handleReceiver:2732 
09-26 13:49:11.953 11683 21512 W ContextImpl: Calling a method in the system process without a qualified user: android.app.ContextImpl.bindService:1285 android.content.ContextWrapper.bindService:604 miui.analytics.Analytics.endSession:120 com.android.settings.analytics.AnalyticService.onHandleIntent:93 android.app.IntentService$ServiceHandler.handleMessage:66 
09-26 13:49:12.064  1265  1302 D AutomaticBrightnessController: updateAmbientLux: Brightened: mBrighteningLuxThreshold=5.8051357, mAmbientLightRingBuffer=[1.3800049 / 823ms, 35.880005 / 0ms], mAmbientLux=5.277396
09-26 13:49:12.477  1265  1302 D AutomaticBrightnessController: updateAmbientLux: Brightened: mBrighteningLuxThreshold=18.58542, mAmbientLightRingBuffer=[1.3800049 / 823ms, 35.880005 / 412ms, 57.270004 / 0ms], mAmbientLux=16.895836
09-26 13:49:12.683  1265  1302 D AutomaticBrightnessController: updateAmbientLux: Brightened: mBrighteningLuxThreshold=26.659298, mAmbientLightRingBuffer=[1.3800049 / 823ms, 35.880005 / 412ms, 57.270004 / 206ms, 79.350006 / 0ms], mAmbientLux=24.235725
09-26 13:49:13.478  1265  1296 W ContextImpl: Calling a method in the system process without a qualified user: android.app.ContextImpl.sendBroadcast:763 com.android.server.policy.BaseMiuiPhoneWindowManager$16.run:1741 android.os.Handler.handleCallback:739 android.os.Handler.dispatchMessage:95 android.os.Looper.loop:148 
09-26 13:49:13.480  1265  1296 W ContextImpl: Calling a method in the system process without a qualified user: android.app.ContextImpl.sendBroadcast:763 com.android.server.policy.BaseMiuiPhoneWindowManager$16.run:1741 android.os.Handler.handleCallback:739 android.os.Handler.dispatchMessage:95 android.os.Looper.loop:148 
09-26 13:49:13.658  1265  1295 I ActivityManager: Start proc 21521:com.android.fileexplorer/u0a45 for broadcast com.android.fileexplorer/.video.VolumeChangeReceiver
09-26 13:49:13.659  1265  1295 W BroadcastQueue: Unable to launch app com.android.fileexplorer/10045 for broadcast Intent { act=android.media.VOLUME_CHANGED_ACTION flg=0x14000010 (has extras) }: process is bad
09-26 13:49:13.664  1265  1295 W BroadcastQueue: Unable to launch app com.android.fileexplorer/10045 for broadcast Intent { act=android.media.VOLUME_CHANGED_ACTION flg=0x14000010 (has extras) }: process is bad
09-26 13:49:13.669  1265  1295 W BroadcastQueue: Unable to launch app com.android.fileexplorer/10045 for broadcast Intent { act=android.media.VOLUME_CHANGED_ACTION flg=0x14000010 (has extras) }: process is bad
09-26 13:49:13.699  1265  4689 I ActivityManager: Killing 19198:com.miui.cloudservice/u0a41 (adj 15): empty for 2624s
09-26 13:49:13.768  1265  1296 W ContextImpl: Calling a method in the system process without a qualified user: android.app.ContextImpl.sendBroadcast:763 com.android.server.policy.BaseMiuiPhoneWindowManager$16.run:1741 android.os.Handler.handleCallback:739 android.os.Handler.dispatchMessage:95 android.os.Looper.loop:148 
09-26 13:49:13.960  1265  1296 W ContextImpl: Calling a method in the system process without a qualified user: android.app.ContextImpl.sendBroadcast:763 com.android.server.policy.BaseMiuiPhoneWindowManager$16.run:1741 android.os.Handler.handleCallback:739 android.os.Handler.dispatchMessage:95 android.os.Looper.loop:148 
09-26 13:49:13.963  1265  1296 W ContextImpl: Calling a method in the system process without a qualified user: android.app.ContextImpl.sendBroadcast:763 com.android.server.policy.BaseMiuiPhoneWindowManager$16.run:1741 android.os.Handler.handleCallback:739 android.os.Handler.dispatchMessage:95 android.os.Looper.loop:148 
09-26 13:49:14.116  1265  1296 W ContextImpl: Calling a method in the system process without a qualified user: android.app.ContextImpl.sendBroadcast:763 com.android.server.policy.BaseMiuiPhoneWindowManager$16.run:1741 android.os.Handler.handleCallback:739 android.os.Handler.dispatchMessage:95 android.os.Looper.loop:148 
09-26 13:49:14.183  1265  4176 V KeyValueBackupJob: Scheduling k/v pass in 240 minutes
09-26 13:49:14.860  1265  1296 W ContextImpl: Calling a method in the system process without a qualified user: android.app.ContextImpl.sendBroadcast:763 com.android.server.policy.BaseMiuiPhoneWindowManager$16.run:1741 android.os.Handler.handleCallback:739 android.os.Handler.dispatchMessage:95 android.os.Looper.loop:148 
09-26 13:49:14.862  1265  1296 W ContextImpl: Calling a method in the system process without a qualified user: android.app.ContextImpl.sendBroadcast:763 com.android.server.policy.BaseMiuiPhoneWindowManager$16.run:1741 android.os.Handler.handleCallback:739 android.os.Handler.dispatchMessage:95 android.os.Looper.loop:148 
09-26 13:49:15.079  1265  1296 W ContextImpl: Calling a method in the system process without a qualified user: android.app.ContextImpl.sendBroadcast:763 com.android.server.policy.BaseMiuiPhoneWindowManager$16.run:1741 android.os.Handler.handleCallback:739 android.os.Handler.dispatchMessage:95 android.os.Looper.loop:148 
09-26 13:49:15.325  1265  1296 W ContextImpl: Calling a method in the system process without a qualified user: android.app.ContextImpl.sendBroadcast:763 com.android.server.policy.BaseMiuiPhoneWindowManager$16.run:1741 android.os.Handler.handleCallback:739 android.os.Handler.dispatchMessage:95 android.os.Looper.loop:148 
09-26 13:49:15.329  1265  1296 W ContextImpl: Calling a method in the system process without a qualified user: android.app.ContextImpl.sendBroadcast:763 com.android.server.policy.BaseMiuiPhoneWindowManager$16.run:1741 android.os.Handler.handleCallback:739 android.os.Handler.dispatchMessage:95 android.os.Looper.loop:148 
09-26 13:49:15.517  1265  1296 W ContextImpl: Calling a method in the system process without a qualified user: android.app.ContextImpl.sendBroadcast:763 com.android.server.policy.BaseMiuiPhoneWindowManager$16.run:1741 android.os.Handler.handleCallback:739 android.os.Handler.dispatchMessage:95 android.os.Looper.loop:148 
09-26 13:49:15.957  1265  1296 W ContextImpl: Calling a method in the system process without a qualified user: android.app.ContextImpl.sendBroadcast:763 com.android.server.policy.BaseMiuiPhoneWindowManager$16.run:1741 android.os.Handler.handleCallback:739 android.os.Handler.dispatchMessage:95 android.os.Looper.loop:148 
09-26 13:49:15.961  1265  1296 W ContextImpl: Calling a method in the system process without a qualified user: android.app.ContextImpl.sendBroadcast:763 com.android.server.policy.BaseMiuiPhoneWindowManager$16.run:1741 android.os.Handler.handleCallback:739 android.os.Handler.dispatchMessage:95 android.os.Looper.loop:148 
09-26 13:49:16.067  1265  1302 D AutomaticBrightnessController: updateAmbientLux: Brightened: mBrighteningLuxThreshold=73.21954, mAmbientLightRingBuffer=[1.3800049 / 823ms, 35.880005 / 412ms, 57.270004 / 206ms, 79.350006 / 206ms, 144.21002 / 412ms, 123.51001 / 307ms, 79.350006 / 309ms, 89.01001 / 515ms, 70.380005 / 308ms, 57.960007 / 1328ms], mAmbientLux=66.56322
09-26 13:49:16.079  1265  1296 W ContextImpl: Calling a method in the system process without a qualified user: android.app.ContextImpl.sendBroadcast:763 com.android.server.policy.BaseMiuiPhoneWindowManager$16.run:1741 android.os.Handler.handleCallback:739 android.os.Handler.dispatchMessage:95 android.os.Looper.loop:148 
09-26 13:49:16.696  1265  1302 D AutomaticBrightnessController: drop the lightsensor event ,time=126701988 ,lux=1.3800049
09-26 13:49:17.109  1265  1302 D AutomaticBrightnessController: drop the lightsensor event ,time=126702401 ,lux=1.0299988
09-26 13:49:22.873  1265  4153 D ConnectivityService: notifyType CAP_CHANGED for NetworkAgentInfo [WIFI () - 192]
09-26 13:49:24.390  1265  1302 D AutomaticBrightnessController: apply the long darking debounce
09-26 13:49:25.892  1265  4153 D ConnectivityService: notifyType CAP_CHANGED for NetworkAgentInfo [WIFI () - 192]
09-26 13:49:26.637  1265  1302 I PowerManagerService: Going to sleep due to screen timeout (uid 1000)...
09-26 13:49:26.740  1265  1302 D AutomaticBrightnessController: setProximitySensorEnabled disable
09-26 13:49:26.742  1265  1302 D AutomaticBrightnessController: setLightSensorEnabled disable
09-26 13:49:26.743  1265  1300 I DisplayManagerService: Display device changed state: "", OFF
09-26 13:49:26.800  1265  1265 V NotificationService: pkg=com.ximalaya.ting.android canInterrupt=true intercept=true
09-26 13:49:27.066  1265  1302 W DreamManagerService: Dream ComponentInfo{com.android.systemui/com.android.systemui.doze.DozeService} does not exist
09-26 13:49:27.066  1265  1302 I PowerManagerService: Sleeping (uid 1000)...
09-26 13:49:27.106  1265  1265 V LocationPolicy: Screen state changed
09-26 13:49:27.254  1265  1296 W ContextImpl: Calling a method in the system process without a qualified user: android.app.ContextImpl.sendBroadcast:763 com.android.server.policy.BaseMiuiPhoneWindowManager$16.run:1741 android.os.Handler.handleCallback:739 android.os.Handler.dispatchMessage:95 android.os.Looper.loop:148 
09-26 13:49:27.255  1265  1296 W ContextImpl: Calling a method in the system process without a qualified user: android.app.ContextImpl.sendBroadcast:763 com.android.server.policy.BaseMiuiPhoneWindowManager$16.run:1741 android.os.Handler.handleCallback:739 android.os.Handler.dispatchMessage:95 android.os.Looper.loop:148 
09-26 13:49:27.263  1265  4142 I PowerManagerService: Waking up from sleep (uid 1000)...
09-26 13:49:27.264  1265  1302 I DisplayPowerController: Blocking screen on until initial contents have been drawn.
09-26 13:49:27.266  4236  5319 W ContextImpl: Calling a method in the system process without a qualified user: android.app.ContextImpl.bindService:1285 android.content.ContextWrapper.bindService:604 com.xiaomi.mistatistic.sdk.controller.LocalEventRecorder.a:-1 com.xiaomi.mistatistic.sdk.controller.LocalEventRecorder.b:-1 com.xiaomi.mistatistic.sdk.controller.LocalEventRecorder.a:-1 
09-26 13:49:27.268  1265  1302 D AutomaticBrightnessController: setProximitySensorEnabled enable
09-26 13:49:27.275  1265  1302 D AutomaticBrightnessController: setLightSensorEnabled enable
09-26 13:49:27.278  1265  6858 W ActivityManager: Unable to start service Intent { cmp=com.xiaomi.xmsf/.push.service.StatService } U=0: not found
09-26 13:49:27.281  1265  1300 I DisplayManagerService: Display device changed state: "", ON
09-26 13:49:27.334  1265  1265 V LocationPolicy: Screen state changed
09-26 13:49:27.466  1265  1302 I DisplayPowerController: Unblocked screen on after 201 ms
09-26 13:49:27.481  1265  1296 W ContextImpl: Calling a method in the system process without a qualified user: android.app.ContextImpl.sendBroadcast:763 com.android.server.policy.BaseMiuiPhoneWindowManager$16.run:1741 android.os.Handler.handleCallback:739 android.os.Handler.dispatchMessage:95 android.os.Looper.loop:148 
09-26 13:49:27.481  1265  1296 W ContextImpl: Calling a method in the system process without a qualified user: android.app.ContextImpl.sendBroadcast:763 com.android.server.policy.BaseMiuiPhoneWindowManager$16.run:1741 android.os.Handler.handleCallback:739 android.os.Handler.dispatchMessage:95 android.os.Looper.loop:148 
09-26 13:49:27.490  1265  1302 D AutomaticBrightnessController: mLightSensorListener mProximity=0 ,time=126712783 ,lux=47.61
09-26 13:49:27.627  5559  5826 W ContextImpl: Calling a method in the system process without a qualified user: android.app.ContextImpl.sendBroadcast:763 android.content.ContextWrapper.sendBroadcast:396 com.miui.networkassistant.service.tm.TrafficManageService.broadCastDataUsageUpdated:-1 com.miui.networkassistant.service.tm.TrafficManageService$8.onReceive:-1 android.app.LoadedApk$ReceiverDispatcher$Args.run:883 
09-26 13:49:27.830  1265  1265 V NotificationService: pkg=com.ximalaya.ting.android canInterrupt=true intercept=true
09-26 13:49:27.903  1265  1265 V NotificationService: pkg=com.ximalaya.ting.android canInterrupt=true intercept=true
09-26 13:49:28.254  5559  5826 W ContextImpl: Calling a method in the system process without a qualified user: android.app.ContextImpl.sendBroadcast:763 android.content.ContextWrapper.sendBroadcast:396 com.miui.networkassistant.service.tm.TrafficManageService.broadCastDataUsageUpdated:-1 com.miui.networkassistant.service.tm.TrafficManageService$8.onReceive:-1 android.app.LoadedApk$ReceiverDispatcher$Args.run:883 
09-26 13:49:28.880  5559  5826 W ContextImpl: Calling a method in the system process without a qualified user: android.app.ContextImpl.sendBroadcast:763 android.content.ContextWrapper.sendBroadcast:396 com.miui.networkassistant.service.tm.TrafficManageService.broadCastDataUsageUpdated:-1 com.miui.networkassistant.service.tm.TrafficManageService$8.onReceive:-1 android.app.LoadedApk$ReceiverDispatcher$Args.run:883 
09-26 13:49:29.137  1265  1302 D AutomaticBrightnessController: updateAmbientLux: Brightened: mBrighteningLuxThreshold=63.91978, mAmbientLightRingBuffer=[47.61 / 823ms, 40.710007 / 309ms, 33.809998 / 308ms, 88.32001 / 206ms, 193.89001 / 0ms], mAmbientLux=58.10889
09-26 13:49:29.877  5559  5826 W ContextImpl: Calling a method in the system process without a qualified user: android.app.ContextImpl.sendBroadcast:763 android.content.ContextWrapper.sendBroadcast:396 com.miui.networkassistant.service.tm.TrafficManageService.broadCastDataUsageUpdated:-1 com.miui.networkassistant.service.tm.TrafficManageService$8.onReceive:-1 android.app.LoadedApk$ReceiverDispatcher$Args.run:883 
09-26 13:49:30.221  5559  5826 W ContextImpl: Calling a method in the system process without a qualified user: android.app.ContextImpl.sendBroadcast:763 android.content.ContextWrapper.sendBroadcast:396 com.miui.networkassistant.service.tm.TrafficManageService.broadCastDataUsageUpdated:-1 com.miui.networkassistant.service.tm.TrafficManageService$8.onReceive:-1 android.app.LoadedApk$ReceiverDispatcher$Args.run:883 
09-26 13:49:30.304  1265  4153 D ConnectivityService: updateNetworkScore for NetworkAgentInfo [WIFI () - 192] to 60
09-26 13:49:30.458  5559  5826 W ContextImpl: Calling a method in the system process without a qualified user: android.app.ContextImpl.sendBroadcast:763 android.content.ContextWrapper.sendBroadcast:396 com.miui.networkassistant.service.tm.TrafficManageService.broadCastDataUsageUpdated:-1 com.miui.networkassistant.service.tm.TrafficManageService$8.onReceive:-1 android.app.LoadedApk$ReceiverDispatcher$Args.run:883 
09-26 13:49:30.777  5559  5826 W ContextImpl: Calling a method in the system process without a qualified user: android.app.ContextImpl.sendBroadcast:763 android.content.ContextWrapper.sendBroadcast:396 com.miui.networkassistant.service.tm.TrafficManageService.broadCastDataUsageUpdated:-1 com.miui.networkassistant.service.tm.TrafficManageService$8.onReceive:-1 android.app.LoadedApk$ReceiverDispatcher$Args.run:883 
09-26 13:49:31.048  5559  5826 W ContextImpl: Calling a method in the system process without a qualified user: android.app.ContextImpl.sendBroadcast:763 android.content.ContextWrapper.sendBroadcast:396 com.miui.networkassistant.service.tm.TrafficManageService.broadCastDataUsageUpdated:-1 com.miui.networkassistant.service.tm.TrafficManageService$8.onReceive:-1 android.app.LoadedApk$ReceiverDispatcher$Args.run:883 
09-26 13:49:31.301  5559  5826 W ContextImpl: Calling a method in the system process without a qualified user: android.app.ContextImpl.sendBroadcast:763 android.content.ContextWrapper.sendBroadcast:396 com.miui.networkassistant.service.tm.TrafficManageService.broadCastDataUsageUpdated:-1 com.miui.networkassistant.service.tm.TrafficManageService$8.onReceive:-1 android.app.LoadedApk$ReceiverDispatcher$Args.run:883 
09-26 13:49:31.573  5559  5826 W ContextImpl: Calling a method in the system process without a qualified user: android.app.ContextImpl.sendBroadcast:763 android.content.ContextWrapper.sendBroadcast:396 com.miui.networkassistant.service.tm.TrafficManageService.broadCastDataUsageUpdated:-1 com.miui.networkassistant.service.tm.TrafficManageService$8.onReceive:-1 android.app.LoadedApk$ReceiverDispatcher$Args.run:883 
09-26 13:49:31.850  5559  5826 W ContextImpl: Calling a method in the system process without a qualified user: android.app.ContextImpl.sendBroadcast:763 android.content.ContextWrapper.sendBroadcast:396 com.miui.networkassistant.service.tm.TrafficManageService.broadCastDataUsageUpdated:-1 com.miui.networkassistant.service.tm.TrafficManageService$8.onReceive:-1 android.app.LoadedApk$ReceiverDispatcher$Args.run:883 
09-26 13:49:32.155  5559  5826 W ContextImpl: Calling a method in the system process without a qualified user: android.app.ContextImpl.sendBroadcast:763 android.content.ContextWrapper.sendBroadcast:396 com.miui.networkassistant.service.tm.TrafficManageService.broadCastDataUsageUpdated:-1 com.miui.networkassistant.service.tm.TrafficManageService$8.onReceive:-1 android.app.LoadedApk$ReceiverDispatcher$Args.run:883 
09-26 13:49:32.679  5559  5826 W ContextImpl: Calling a method in the system process without a qualified user: android.app.ContextImpl.sendBroadcast:763 android.content.ContextWrapper.sendBroadcast:396 com.miui.networkassistant.service.tm.TrafficManageService.broadCastDataUsageUpdated:-1 com.miui.networkassistant.service.tm.TrafficManageService$8.onReceive:-1 android.app.LoadedApk$ReceiverDispatcher$Args.run:883 
09-26 13:49:32.931  1265  1302 D AutomaticBrightnessController: updateAmbientLux: Brightened: mBrighteningLuxThreshold=178.56355, mAmbientLightRingBuffer=[47.61 / 823ms, 40.710007 / 309ms, 33.809998 / 308ms, 88.32001 / 206ms, 193.89001 / 3794ms], mAmbientLux=162.3305
09-26 13:49:33.090  5559  5826 W ContextImpl: Calling a method in the system process without a qualified user: android.app.ContextImpl.sendBroadcast:763 android.content.ContextWrapper.sendBroadcast:396 com.miui.networkassistant.service.tm.TrafficManageService.broadCastDataUsageUpdated:-1 com.miui.networkassistant.service.tm.TrafficManageService$8.onReceive:-1 android.app.LoadedApk$ReceiverDispatcher$Args.run:883 
09-26 13:49:33.315  1265  4153 D ConnectivityService: notifyType CAP_CHANGED for NetworkAgentInfo [WIFI () - 192]
09-26 13:49:33.317  1265  4153 D ConnectivityService: updateNetworkScore for NetworkAgentInfo [WIFI () - 192] to 56
09-26 13:49:33.414  5559  5826 W ContextImpl: Calling a method in the system process without a qualified user: android.app.ContextImpl.sendBroadcast:763 android.content.ContextWrapper.sendBroadcast:396 com.miui.networkassistant.service.tm.TrafficManageService.broadCastDataUsageUpdated:-1 com.miui.networkassistant.service.tm.TrafficManageService$8.onReceive:-1 android.app.LoadedApk$ReceiverDispatcher$Args.run:883 
09-26 13:49:33.897  5559  5826 W ContextImpl: Calling a method in the system process without a qualified user: android.app.ContextImpl.sendBroadcast:763 android.content.ContextWrapper.sendBroadcast:396 com.miui.networkassistant.service.tm.TrafficManageService.broadCastDataUsageUpdated:-1 com.miui.networkassistant.service.tm.TrafficManageService$8.onReceive:-1 android.app.LoadedApk$ReceiverDispatcher$Args.run:883 
09-26 13:49:34.259  5559  5826 W ContextImpl: Calling a method in the system process without a qualified user: android.app.ContextImpl.sendBroadcast:763 android.content.ContextWrapper.sendBroadcast:396 com.miui.networkassistant.service.tm.TrafficManageService.broadCastDataUsageUpdated:-1 com.miui.networkassistant.service.tm.TrafficManageService$8.onReceive:-1 android.app.LoadedApk$ReceiverDispatcher$Args.run:883 
09-26 13:49:35.391  1265  1302 D AutomaticBrightnessController: updateAmbientLux: Brightened: mBrighteningLuxThreshold=197.63725, mAmbientLightRingBuffer=[47.61 / 823ms, 40.710007 / 309ms, 33.809998 / 308ms, 88.32001 / 206ms, 193.89001 / 6255ms], mAmbientLux=179.67023
09-26 13:49:36.335  1265  4153 D ConnectivityService: notifyType CAP_CHANGED for NetworkAgentInfo [WIFI () - 192]
09-26 13:49:36.336  1265  4153 D ConnectivityService: updateNetworkScore for NetworkAgentInfo [WIFI () - 192] to 60
09-26 13:49:37.253  1265  1302 I PowerManagerService: Going to sleep due to screen timeout (uid 1000)...
09-26 13:49:37.288  1265  1283 W ActivityManager: Unbind failed: could not find connection for android.os.BinderProxy@860845
