09-26 13:49:37.333  5559  5826 W ContextImpl: Calling a method in the system process without a qualified user: android.app.ContextImpl.sendBroadcast:763 android.content.ContextWrapper.sendBroadcast:396 com.miui.networkassistant.service.tm.TrafficManageService.broadCastDataUsageUpdated:-1 com.miui.networkassistant.service.tm.TrafficManageService$8.onReceive:-1 android.app.LoadedApk$ReceiverDispatcher$Args.run:883 
09-26 13:49:37.351  1265  1302 D AutomaticBrightnessController: setProximitySensorEnabled disable
09-26 13:49:37.354  1265  1302 D AutomaticBrightnessController: setLightSensorEnabled disable
09-26 13:49:37.355  1265  1300 I DisplayManagerService: Display device changed state: "", OFF
09-26 13:49:37.655  1265  1302 W DreamManagerService: Dream ComponentInfo{com.android.systemui/com.android.systemui.doze.DozeService} does not exist
09-26 13:49:37.655  1265  1302 I PowerManagerService: Sleeping (uid 1000)...
09-26 13:49:37.685  1265  1265 V LocationPolicy: Screen state changed
09-26 13:49:45.460  5559  5826 W ContextImpl: Calling a method in the system process without a qualified user: android.app.ContextImpl.sendBroadcast:763 android.content.ContextWrapper.sendBroadcast:396 com.miui.networkassistant.service.tm.TrafficManageService.broadCastDataUsageUpdated:-1 com.miui.networkassistant.service.tm.TrafficManageService$8.onReceive:-1 android.app.LoadedApk$ReceiverDispatcher$Args.run:883 
09-26 13:49:48.337  1265  4142 I PowerManagerService: Waking up from sleep (uid 1000)...
09-26 13:49:48.338  1265  1302 I DisplayPowerController: Blocking screen on until initial contents have been drawn.
09-26 13:49:48.340  4236  5319 W ContextImpl: Calling a method in the system process without a qualified user: android.app.ContextImpl.bindService:1285 android.content.ContextWrapper.bindService:604 com.xiaomi.mistatistic.sdk.controller.LocalEventRecorder.a:-1 com.xiaomi.mistatistic.sdk.controller.LocalEventRecorder.b:-1 com.xiaomi.mistatistic.sdk.controller.LocalEventRecorder.a:-1 
09-26 13:49:48.345  1265  1302 D AutomaticBrightnessController: setProximitySensorEnabled enable
09-26 13:49:48.345  1265  4689 W ActivityManager: Unable to start service Intent { cmp=com.xiaomi.xmsf/.push.service.StatService } U=0: not found
09-26 13:49:48.356  1265  1302 D AutomaticBrightnessController: setLightSensorEnabled enable
09-26 13:49:48.361  1265  1300 I DisplayManagerService: Display device changed state: "", ON
09-26 13:49:48.447  1265  1265 V LocationPolicy: Screen state changed
09-26 13:49:48.514  1265  1302 I DisplayPowerController: Unblocked screen on after 175 ms
09-26 13:49:48.591  1265  1302 D AutomaticBrightnessController: mLightSensorListener mProximity=0 ,time=126733883 ,lux=64.86
09-26 13:49:53.149  4236  4236 W ContextImpl: Calling a method in the system process without a qualified user: android.app.ContextImpl.sendBroadcast:763 android.content.ContextWrapper.sendBroadcast:396 android.content.ContextWrapper.sendBroadcast:396 com.android.keyguard.MiuiLockPatternKeyguardView$2.reportSuccessfulUnlockAttempt:535 com.android.keyguard.MiuiNumericPasswordUnlockScreen.verifyPassword:99 
09-26 13:49:53.299  1265  4663 I ActivityManager: START u0 {act=android.intent.action.MAIN flg=0x10000 cmp=com.ximalaya.ting.android/.main.activity.account.WelComeActivity (has extras)} from uid 10091 on display 0
09-26 13:49:53.452  1265  6858 W InputMethodManagerService: Window already focused, ignoring focus gain of: com.android.internal.view.IInputMethodClient$Stub$Proxy@dcc6da2 attribute=android.view.inputmethod.EditorInfo@6be3a33, token = android.os.BinderProxy@d4df5df
09-26 13:49:53.525  5559  5826 W ContextImpl: Calling a method in the system process without a qualified user: android.app.ContextImpl.sendBroadcast:763 android.content.ContextWrapper.sendBroadcast:396 com.miui.networkassistant.service.tm.TrafficManageService.broadCastDataUsageUpdated:-1 com.miui.networkassistant.service.tm.TrafficManageService$8.onReceive:-1 android.app.LoadedApk$ReceiverDispatcher$Args.run:883 
09-26 13:49:54.610  1265  4141 I ActivityManager: START u0 {act=android.intent.action.MAIN cat=[android.intent.category.HOME] flg=0x10200000 cmp=com.miui.home/.launcher.Launcher (has extras)} from uid 1000 on display 0
09-26 13:49:54.619  1265  4141 E ActivityManager: Invalid thumbnail dimensions: 0x0
09-26 13:49:56.559  5559  5826 W ContextImpl: Calling a method in the system process without a qualified user: android.app.ContextImpl.sendBroadcast:763 android.content.ContextWrapper.sendBroadcast:396 com.miui.networkassistant.service.tm.TrafficManageService.broadCastDataUsageUpdated:-1 com.miui.networkassistant.service.tm.TrafficManageService$8.onReceive:-1 android.app.LoadedApk$ReceiverDispatcher$Args.run:883 
09-26 13:49:57.093  1265  4355 I ActivityManager: Start proc 21652:com.xiaomi.market/u0a60 for service com.xiaomi.market/.data.MarketService
09-26 13:49:58.322  1265  1283 I ActivityManager: Killing 19662:com.miui.notes:remote/u0a63 (adj 15): empty for 2669s
09-26 13:49:58.362  1265  6858 W ActivityManager: Unbind failed: could not find connection for android.os.BinderProxy@c5dec8b
09-26 13:49:58.478  1265  4271 I ActivityManager: START u0 {act=android.intent.action.MAIN cat=[android.intent.category.LAUNCHER] flg=0x10200000 cmp=com.ximalaya.ting.android/.main.activity.account.WelComeActivity bnds=[739,827][907,995] (has extras)} from uid 10020 on display 0
09-26 13:49:58.692  5559  5826 W ContextImpl: Calling a method in the system process without a qualified user: android.app.ContextImpl.sendBroadcast:763 android.content.ContextWrapper.sendBroadcast:396 com.miui.networkassistant.service.tm.TrafficManageService.broadCastDataUsageUpdated:-1 com.miui.networkassistant.service.tm.TrafficManageService$8.onReceive:-1 android.app.LoadedApk$ReceiverDispatcher$Args.run:883 
09-26 13:50:01.677  1265  4141 I ActivityManager: START u0 {act=android.intent.action.MAIN cat=[android.intent.category.HOME] flg=0x10200000 cmp=com.miui.home/.launcher.Launcher (has extras)} from uid 1000 on display 0
09-26 13:50:01.685  1265  4141 E ActivityManager: Invalid thumbnail dimensions: 0x0
09-26 13:50:03.238  1265  4141 I ActivityManager: START u0 {act=android.intent.action.MAIN cat=[android.intent.category.HOME] flg=0x10200000 cmp=com.miui.home/.launcher.Launcher (has extras)} from uid 1000 on display 0
09-26 13:50:05.475  1265  4354 I ActivityManager: START u0 {act=android.intent.action.MAIN cat=[android.intent.category.LAUNCHER] flg=0x10200000 cmp=com.android.settings/.MainSettings bnds=[585,1130][753,1298] (has extras)} from uid 10020 on display 0
09-26 13:50:05.668  5559  5826 W ContextImpl: Calling a method in the system process without a qualified user: android.app.ContextImpl.sendBroadcast:763 android.content.ContextWrapper.sendBroadcast:396 com.miui.networkassistant.service.tm.TrafficManageService.broadCastDataUsageUpdated:-1 com.miui.networkassistant.service.tm.TrafficManageService$8.onReceive:-1 android.app.LoadedApk$ReceiverDispatcher$Args.run:883 
09-26 13:50:09.467  1265  4153 D ConnectivityService: notifyType CAP_CHANGED for NetworkAgentInfo [WIFI () - 192]
09-26 13:50:11.821  1265  1302 D AutomaticBrightnessController: apply the long darking debounce
09-26 13:50:13.734  5559  5826 W ContextImpl: Calling a method in the system process without a qualified user: android.app.ContextImpl.sendBroadcast:763 android.content.ContextWrapper.sendBroadcast:396 com.miui.networkassistant.service.tm.TrafficManageService.broadCastDataUsageUpdated:-1 com.miui.networkassistant.service.tm.TrafficManageService$8.onReceive:-1 android.app.LoadedApk$ReceiverDispatcher$Args.run:883 
09-26 13:50:17.034  1265  4271 I ActivityManager: START u0 {act=android.intent.action.MAIN cmp=com.android.settings/.SubSettings (has extras)} from uid 1000 on display 0
09-26 13:50:18.514  1265  4153 D ConnectivityService: notifyType CAP_CHANGED for NetworkAgentInfo [WIFI () - 192]
09-26 13:50:20.872  1265  6857 I ActivityManager: START u0 {act=android.intent.action.MAIN cmp=com.android.settings/.SubSettings (has extras)} from uid 1000 on display 0
09-26 13:50:21.823  5559  5826 W ContextImpl: Calling a method in the system process without a qualified user: android.app.ContextImpl.sendBroadcast:763 android.content.ContextWrapper.sendBroadcast:396 com.miui.networkassistant.service.tm.TrafficManageService.broadCastDataUsageUpdated:-1 com.miui.networkassistant.service.tm.TrafficManageService$8.onReceive:-1 android.app.LoadedApk$ReceiverDispatcher$Args.run:883 
09-26 13:50:24.557  1265  4153 D ConnectivityService: notifyType CAP_CHANGED for NetworkAgentInfo [WIFI () - 192]
09-26 13:50:29.698  1265  4354 W InputMethodManagerService: Window already focused, ignoring focus gain of: com.android.internal.view.IInputMethodClient$Stub$Proxy@cac83c4 attribute=null, token = android.os.BinderProxy@631f339
09-26 13:50:29.707  1265  1297 I UsbDeviceManager: Setting USB config to adb
09-26 13:50:29.813  1265  1297 I UsbDeviceManager: Setting USB config to adb
09-26 13:50:29.853 11683 11683 W ContextImpl: Calling a method in the system process without a qualified user: android.app.ContextImpl.startService:1221 android.content.ContextWrapper.startService:581 android.content.ContextWrapper.startService:581 com.android.settings.AnalyticsReceiver.onReceive:24 android.app.ActivityThread.handleReceiver:2732 
09-26 13:50:29.859 11683 21850 W ContextImpl: Calling a method in the system process without a qualified user: android.app.ContextImpl.bindService:1285 android.content.ContextWrapper.bindService:604 miui.analytics.Analytics.endSession:120 com.android.settings.analytics.AnalyticService.onHandleIntent:93 android.app.IntentService$ServiceHandler.handleMessage:66 
09-26 13:50:29.937  1265  1297 I BatteryStatsImpl: Resetting battery stats: level=97 status=2 dischargeLevel=97 lowAmount=0 highAmount=0
09-26 13:50:30.040  1265  1265 I EntropyMixer: Writing entropy...
09-26 13:50:30.091  4236  4236 W PowerUI : unknown intent: Intent { act=android.intent.action.ACTION_POWER_CONNECTED flg=0x4000010 }
09-26 13:50:30.158 11683 11683 W ContextImpl: Calling a method in the system process without a qualified user: android.app.ContextImpl.startService:1221 android.content.ContextWrapper.startService:581 android.content.ContextWrapper.startService:581 com.android.settings.AnalyticsReceiver.onReceive:24 android.app.ActivityThread.handleReceiver:2732 
09-26 13:50:30.166 11683 21868 W ContextImpl: Calling a method in the system process without a qualified user: android.app.ContextImpl.bindService:1285 android.content.ContextWrapper.bindService:604 miui.analytics.Analytics.endSession:120 com.android.settings.analytics.AnalyticService.onHandleIntent:93 android.app.IntentService$ServiceHandler.handleMessage:66 
09-26 13:50:30.285 11683 11683 W ContextImpl: Calling a method in the system process without a qualified user: android.app.ContextImpl.startService:1221 android.content.ContextWrapper.startService:581 android.content.ContextWrapper.startService:581 com.android.settings.AnalyticsReceiver.onReceive:24 android.app.ActivityThread.handleReceiver:2732 
09-26 13:50:30.292 11683 21869 W ContextImpl: Calling a method in the system process without a qualified user: android.app.ContextImpl.bindService:1285 android.content.ContextWrapper.bindService:604 miui.analytics.Analytics.endSession:120 com.android.settings.analytics.AnalyticService.onHandleIntent:93 android.app.IntentService$ServiceHandler.handleMessage:66 
09-26 13:50:30.337 11683 11683 W ContextImpl: Calling a method in the system process without a qualified user: android.app.ContextImpl.startService:1221 android.content.ContextWrapper.startService:581 android.content.ContextWrapper.startService:581 com.android.settings.AnalyticsReceiver.onReceive:24 android.app.ActivityThread.handleReceiver:2732 
09-26 13:50:30.354 11683 21870 W ContextImpl: Calling a method in the system process without a qualified user: android.app.ContextImpl.bindService:1285 android.content.ContextWrapper.bindService:604 miui.analytics.Analytics.endSession:120 com.android.settings.analytics.AnalyticService.onHandleIntent:93 android.app.IntentService$ServiceHandler.handleMessage:66 
09-26 13:50:30.586  1265  4153 D ConnectivityService: updateNetworkScore for NetworkAgentInfo [WIFI () - 192] to 56
09-26 13:50:30.876  5559  5826 W ContextImpl: Calling a method in the system process without a qualified user: android.app.ContextImpl.sendBroadcast:763 android.content.ContextWrapper.sendBroadcast:396 com.miui.networkassistant.service.tm.TrafficManageService.broadCastDataUsageUpdated:-1 com.miui.networkassistant.service.tm.TrafficManageService$8.onReceive:-1 android.app.LoadedApk$ReceiverDispatcher$Args.run:883 
09-26 13:50:31.300  1265  1302 D AutomaticBrightnessController: drop the lightsensor event ,time=126776592 ,lux=32.430008
09-26 13:50:31.429  1265  4142 W ContextImpl: Calling a method in the system process without a qualified user: android.app.ContextImpl.sendBroadcast:763 com.android.server.policy.BaseMiuiPhoneWindowManager.notifyLidSwitchChanged:340 com.android.server.wm.InputMonitor.notifyLidSwitchChanged:344 com.android.server.input.InputManagerService.notifySwitch:1540 <bottom of call stack> 
09-26 13:50:31.430  1265  4142 I PowerManagerService: Going to sleep due to lid switch (uid 1000)...
09-26 13:50:31.430  1265  4142 I PowerManagerService: Sleeping (uid 1000)...
09-26 13:50:31.434  1265  4142 D InputManager: cover modeOn = true
09-26 13:50:31.439  1265  1265 E ActivityManager: Invalid thumbnail dimensions: 0x0
09-26 13:50:31.507  1265  1302 D AutomaticBrightnessController: drop the lightsensor event ,time=126776799 ,lux=0.69000244
09-26 13:50:31.543  1265  1302 D AutomaticBrightnessController: setProximitySensorEnabled disable
09-26 13:50:31.545  1265  1302 D AutomaticBrightnessController: setLightSensorEnabled disable
09-26 13:50:31.546  1265  1300 I DisplayManagerService: Display device changed state: "", OFF
09-26 13:50:31.683  4236  4236 W ContextImpl: Calling a method in the system process without a qualified user: android.app.ContextImpl.bindService:1285 android.content.ContextWrapper.bindService:604 android.content.ContextWrapper.bindService:604 miui.maml.elements.MusicController.registerListener:72 miui.maml.elements.MusicControlScreenElement.init:687 
09-26 13:50:31.690  4236  4236 E ActivityThread: Failed to find provider info for com.xiaomi.tv.gallerylockscreen.lockscreen_magazine_provider
09-26 13:50:31.750  1265  4355 I ActivityManager: Start proc 21872:com.xiaomi.account/u0a81 for service com.xiaomi.account/com.xiaomi.passport.accountmanager.MiAuthenticatorService
09-26 13:50:31.996  1265  1265 V LocationPolicy: Screen state changed
09-26 13:50:32.161  1265  4685 I ActivityManager: Start proc 21895:com.xiaomi.market:guard/u0a60 for service com.xiaomi.market/.service.SelfUpdateService
09-26 13:50:39.015  5559  5826 W ContextImpl: Calling a method in the system process without a qualified user: android.app.ContextImpl.sendBroadcast:763 android.content.ContextWrapper.sendBroadcast:396 com.miui.networkassistant.service.tm.TrafficManageService.broadCastDataUsageUpdated:-1 com.miui.networkassistant.service.tm.TrafficManageService$8.onReceive:-1 android.app.LoadedApk$ReceiverDispatcher$Args.run:883 
09-26 13:50:47.124  5559  5826 W ContextImpl: Calling a method in the system process without a qualified user: android.app.ContextImpl.sendBroadcast:763 android.content.ContextWrapper.sendBroadcast:396 com.miui.networkassistant.service.tm.TrafficManageService.broadCastDataUsageUpdated:-1 com.miui.networkassistant.service.tm.TrafficManageService$8.onReceive:-1 android.app.LoadedApk$ReceiverDispatcher$Args.run:883 
09-26 13:50:55.305  5559  5826 W ContextImpl: Calling a method in the system process without a qualified user: android.app.ContextImpl.sendBroadcast:763 android.content.ContextWrapper.sendBroadcast:396 com.miui.networkassistant.service.tm.TrafficManageService.broadCastDataUsageUpdated:-1 com.miui.networkassistant.service.tm.TrafficManageService$8.onReceive:-1 android.app.LoadedApk$ReceiverDispatcher$Args.run:883 
09-26 13:51:02.059  1265  4220 V LocationPolicy: writePolicyLocked()
09-26 13:51:03.371  5559  5826 W ContextImpl: Calling a method in the system process without a qualified user: android.app.ContextImpl.sendBroadcast:763 android.content.ContextWrapper.sendBroadcast:396 com.miui.networkassistant.service.tm.TrafficManageService.broadCastDataUsageUpdated:-1 com.miui.networkassistant.service.tm.TrafficManageService$8.onReceive:-1 android.app.LoadedApk$ReceiverDispatcher$Args.run:883 
09-26 13:51:05.299 11683 11683 W ContextImpl: Calling a method in the system process without a qualified user: android.app.ContextImpl.startService:1221 android.content.ContextWrapper.startService:581 android.content.ContextWrapper.startService:581 com.android.settings.AnalyticsReceiver.onReceive:24 android.app.ActivityThread.handleReceiver:2732 
09-26 13:51:05.306 11683 21955 W ContextImpl: Calling a method in the system process without a qualified user: android.app.ContextImpl.bindService:1285 android.content.ContextWrapper.bindService:604 miui.analytics.Analytics.endSession:120 com.android.settings.analytics.AnalyticService.onHandleIntent:93 android.app.IntentService$ServiceHandler.handleMessage:66 
09-26 13:51:05.336  1265  6855 I ActivityManager: Start proc 21957:com.android.soundrecorder/u0a75 for broadcast com.android.soundrecorder/.analytics.AnalyticsReceiver
09-26 13:51:09.080  1265  5456 D UsbDebuggingManager: Received public key: QAAAAEXLhTBz8NGqnpq9kkp56cmvQeoMwe83fsQ+D+ulsdmnXQGkh1aRcCayfucF1h89aw5w5Ah99MDYGGsUiVBGeWqY64YN/xNHGuY49ontTtX2jNYdVaQW6IV+lelKGA/4T8NVRCQxMYkgycnqg/tJ4zYTB6KtrrEsgCm5VqWh5A8a2JpBikgrcRNaIYSkqmza4Maw0MUvVBlxNDHSyZHBvCndoU+eGziayH/DVSHMk4gBaegDZpB1g1VR/564mxXI8uh8NMW6Hkcfsu61YvJqU/D1D3NEfPX/LvgdZvjx8QoMs255zn505MshNAXKf11fepUMHOSaBwj8UNHlG/umOM4JHFW5z1FaXIQkIlZgWIuwjJ/t7cqIYsUzJqWr7VxSpWRKyCKeqdCHM3/vdyQAPt05Z+qOUMNxsYAIv133I1g/HEMjYsjh5bPiBCfefbwaDyZrH7kEkJ0dSQekR3JNg2h825cAAZCBIwlCSwz8AwNToRAO+7tEAaFKpTpn6ZH6xwJTPwVTkGlmJUZsfUiATCx22F1WE2zqkB/cKHBuJQd6ABK4GSm10QeQfFU9AluC3y2sK1swBLlMIpNRlHXdT3Wi58UZbPDICjilKxFrCG1IkigEyBWQOvRNJYVWO9rhHDLbuqQ1LIXLUissdHN00nHyo1kfzKlJg83mCgmBP5yQ+XtQLQEAAQA= haijunz@haijunz-HP-Z230-SFF-Workstation
09-26 13:51:09.083  1265  1297 I ActivityManager: START u0 {flg=0x10000000 cmp=com.android.systemui/.usb.UsbDebuggingActivity (has extras)} from uid 1000 on display 0
09-26 13:51:09.127  1265  1297 E ActivityManager: Invalid thumbnail dimensions: 0x0
09-26 13:51:21.625  1265  4142 I PowerManagerService: Waking up from sleep (uid 1000)...
09-26 13:51:21.626  1265  1302 I DisplayPowerController: Blocking screen on until initial contents have been drawn.
09-26 13:51:21.626  1265  4142 D InputManager: cover modeOn = false
09-26 13:51:21.632  1265  1302 D AutomaticBrightnessController: setProximitySensorEnabled enable
09-26 13:51:21.633  4236  5319 W ContextImpl: Calling a method in the system process without a qualified user: android.app.ContextImpl.bindService:1285 android.content.ContextWrapper.bindService:604 com.xiaomi.mistatistic.sdk.controller.LocalEventRecorder.a:-1 com.xiaomi.mistatistic.sdk.controller.LocalEventRecorder.b:-1 com.xiaomi.mistatistic.sdk.controller.LocalEventRecorder.a:-1 
09-26 13:51:21.638  1265  1302 D AutomaticBrightnessController: setLightSensorEnabled enable
09-26 13:51:21.642  1265  4689 W ActivityManager: Unable to start service Intent { cmp=com.xiaomi.xmsf/.push.service.StatService } U=0: not found
09-26 13:51:21.643  1265  1300 I DisplayManagerService: Display device changed state: "", ON
09-26 13:51:21.666  1265  4153 D ConnectivityService: notifyType CAP_CHANGED for NetworkAgentInfo [WIFI () - 192]
09-26 13:51:21.696  1265  1265 V LocationPolicy: Screen state changed
09-26 13:51:22.025  1265  1302 I DisplayPowerController: Unblocked screen on after 400 ms
09-26 13:51:22.079  1265  1302 D AutomaticBrightnessController: mLightSensorListener mProximity=0 ,time=126827371 ,lux=229.42001
09-26 13:51:26.237  4236  4236 W ContextImpl: Calling a method in the system process without a qualified user: android.app.ContextImpl.sendBroadcast:763 android.content.ContextWrapper.sendBroadcast:396 android.content.ContextWrapper.sendBroadcast:396 com.android.keyguard.MiuiLockPatternKeyguardView$2.reportSuccessfulUnlockAttempt:535 com.android.keyguard.MiuiNumericPasswordUnlockScreen.verifyPassword:99 
09-26 13:51:27.969  1265  5516 E ActivityManager: Invalid thumbnail dimensions: 0x0
09-26 13:51:28.080  1265  4685 W InputMethodManagerService: Window already focused, ignoring focus gain of: com.android.internal.view.IInputMethodClient$Stub$Proxy@f589081 attribute=android.view.inputmethod.EditorInfo@9830526, token = android.os.BinderProxy@631f339
09-26 13:51:31.648  1265  5516 W ActivityManager: Unbind failed: could not find connection for android.os.BinderProxy@9bef567
09-26 13:51:33.735  1265  4153 D ConnectivityService: notifyType CAP_CHANGED for NetworkAgentInfo [WIFI () - 192]
09-26 13:51:36.746  1265  4153 D ConnectivityService: notifyType CAP_CHANGED for NetworkAgentInfo [WIFI () - 192]
09-26 13:51:39.774  1265  4153 D ConnectivityService: notifyType CAP_CHANGED for NetworkAgentInfo [WIFI () - 192]
09-26 13:51:45.797  1265  4153 D ConnectivityService: notifyType CAP_CHANGED for NetworkAgentInfo [WIFI () - 192]
09-26 13:51:54.850  1265  4153 D ConnectivityService: notifyType CAP_CHANGED for NetworkAgentInfo [WIFI () - 192]
09-26 13:52:01.173  1265  4153 D ConnectivityService: notifyType CAP_CHANGED for NetworkAgentInfo [WIFI () - 192]
09-26 13:52:03.186  1265  4141 I ActivityManager: START u0 {act=android.intent.action.MAIN cat=[android.intent.category.HOME] flg=0x10200000 cmp=com.miui.home/.launcher.Launcher (has extras)} from uid 1000 on display 0
09-26 13:52:03.196  1265  4141 E ActivityManager: Invalid thumbnail dimensions: 0x0
09-26 13:52:03.343  1265  4141 I ActivityManager: START u0 {act=android.intent.action.MAIN cat=[android.intent.category.HOME] flg=0x10200000 cmp=com.miui.home/.launcher.Launcher (has extras)} from uid 1000 on display 0
09-26 13:52:07.205  1265  4153 D ConnectivityService: notifyType CAP_CHANGED for NetworkAgentInfo [WIFI () - 192]
09-26 13:52:22.309  1265  4153 D ConnectivityService: notifyType CAP_CHANGED for NetworkAgentInfo [WIFI () - 192]
09-26 13:52:25.332  1265  4153 D ConnectivityService: updateNetworkScore for NetworkAgentInfo [WIFI () - 192] to 60
09-26 13:52:28.341  1265  4153 D ConnectivityService: updateNetworkScore for NetworkAgentInfo [WIFI () - 192] to 56
09-26 13:52:31.364  1265  4153 D ConnectivityService: notifyType CAP_CHANGED for NetworkAgentInfo [WIFI () - 192]
09-26 13:52:43.429  1265  4153 D ConnectivityService: notifyType CAP_CHANGED for NetworkAgentInfo [WIFI () - 192]
09-26 13:52:45.567  5559  5826 W ContextImpl: Calling a method in the system process without a qualified user: android.app.ContextImpl.sendBroadcast:763 android.content.ContextWrapper.sendBroadcast:396 com.miui.networkassistant.service.tm.TrafficManageService.broadCastDataUsageUpdated:-1 com.miui.networkassistant.service.tm.TrafficManageService$8.onReceive:-1 android.app.LoadedApk$ReceiverDispatcher$Args.run:883 
09-26 13:52:46.447  1265  4153 D ConnectivityService: notifyType CAP_CHANGED for NetworkAgentInfo [WIFI () - 192]
09-26 13:52:46.448  1265  4153 D ConnectivityService: updateNetworkScore for NetworkAgentInfo [WIFI () - 192] to 60
09-26 13:52:49.455  1265  4153 D ConnectivityService: updateNetworkScore for NetworkAgentInfo [WIFI () - 192] to 56
09-26 13:52:52.463  1265  4153 D ConnectivityService: updateNetworkScore for NetworkAgentInfo [WIFI () - 192] to 60
09-26 13:52:53.476  5559  5826 W ContextImpl: Calling a method in the system process without a qualified user: android.app.ContextImpl.sendBroadcast:763 android.content.ContextWrapper.sendBroadcast:396 com.miui.networkassistant.service.tm.TrafficManageService.broadCastDataUsageUpdated:-1 com.miui.networkassistant.service.tm.TrafficManageService$8.onReceive:-1 android.app.LoadedApk$ReceiverDispatcher$Args.run:883 
09-26 13:52:56.369  1265  1302 D AutomaticBrightnessController: apply the long darking debounce
09-26 13:52:56.407  1265  1302 D AutomaticBrightnessController: already in long darking debounce
09-26 13:52:56.819  1265  1302 D AutomaticBrightnessController: already in long darking debounce
09-26 13:52:57.029  1265  1302 D AutomaticBrightnessController: already in long darking debounce
09-26 13:52:57.439  1265  1302 D AutomaticBrightnessController: already in long darking debounce
09-26 13:52:57.852  1265  1302 D AutomaticBrightnessController: already in long darking debounce
09-26 13:52:58.059  1265  1302 D AutomaticBrightnessController: already in long darking debounce
09-26 13:52:58.264  1265  1302 D AutomaticBrightnessController: already in long darking debounce
09-26 13:52:58.471  1265  1302 D AutomaticBrightnessController: already in long darking debounce
09-26 13:52:58.677  1265  1302 D AutomaticBrightnessController: already in long darking debounce
09-26 13:52:58.883  1265  1302 D AutomaticBrightnessController: already in long darking debounce
09-26 13:52:59.088  1265  1302 D AutomaticBrightnessController: already in long darking debounce
09-26 13:53:01.523  1265  4153 D ConnectivityService: notifyType CAP_CHANGED for NetworkAgentInfo [WIFI () - 192]
09-26 13:53:10.571  1265  4153 D ConnectivityService: updateNetworkScore for NetworkAgentInfo [WIFI () - 192] to 56
09-26 13:53:19.633  1265  4153 D ConnectivityService: updateNetworkScore for NetworkAgentInfo [WIFI () - 192] to 60
09-26 13:53:21.461  1265  1265 V NotificationService: pkg=com.ximalaya.ting.android canInterrupt=true intercept=true
09-26 13:53:22.064  1265  1265 V NotificationService: pkg=com.ximalaya.ting.android canInterrupt=true intercept=true
09-26 13:53:22.124  5559  5826 W ContextImpl: Calling a method in the system process without a qualified user: android.app.ContextImpl.sendBroadcast:763 android.content.ContextWrapper.sendBroadcast:396 com.miui.networkassistant.service.tm.TrafficManageService.broadCastDataUsageUpdated:-1 com.miui.networkassistant.service.tm.TrafficManageService$8.onReceive:-1 android.app.LoadedApk$ReceiverDispatcher$Args.run:883 
09-26 13:53:22.134  1265  1265 V NotificationService: pkg=com.ximalaya.ting.android canInterrupt=true intercept=true
09-26 13:53:22.351  5559  5826 W ContextImpl: Calling a method in the system process without a qualified user: android.app.ContextImpl.sendBroadcast:763 android.content.ContextWrapper.sendBroadcast:396 com.miui.networkassistant.service.tm.TrafficManageService.broadCastDataUsageUpdated:-1 com.miui.networkassistant.service.tm.TrafficManageService$8.onReceive:-1 android.app.LoadedApk$ReceiverDispatcher$Args.run:883 
09-26 13:53:22.552  5559  5826 W ContextImpl: Calling a method in the system process without a qualified user: android.app.ContextImpl.sendBroadcast:763 android.content.ContextWrapper.sendBroadcast:396 com.miui.networkassistant.service.tm.TrafficManageService.broadCastDataUsageUpdated:-1 com.miui.networkassistant.service.tm.TrafficManageService$8.onReceive:-1 android.app.LoadedApk$ReceiverDispatcher$Args.run:883 
09-26 13:53:22.778  5559  5826 W ContextImpl: Calling a method in the system process without a qualified user: android.app.ContextImpl.sendBroadcast:763 android.content.ContextWrapper.sendBroadcast:396 com.miui.networkassistant.service.tm.TrafficManageService.broadCastDataUsageUpdated:-1 com.miui.networkassistant.service.tm.TrafficManageService$8.onReceive:-1 android.app.LoadedApk$ReceiverDispatcher$Args.run:883 
09-26 13:53:23.039  5559  5826 W ContextImpl: Calling a method in the system process without a qualified user: android.app.ContextImpl.sendBroadcast:763 android.content.ContextWrapper.sendBroadcast:396 com.miui.networkassistant.service.tm.TrafficManageService.broadCastDataUsageUpdated:-1 com.miui.networkassistant.service.tm.TrafficManageService$8.onReceive:-1 android.app.LoadedApk$ReceiverDispatcher$Args.run:883 
09-26 13:53:23.272  5559  5826 W ContextImpl: Calling a method in the system process without a qualified user: android.app.ContextImpl.sendBroadcast:763 android.content.ContextWrapper.sendBroadcast:396 com.miui.networkassistant.service.tm.TrafficManageService.broadCastDataUsageUpdated:-1 com.miui.networkassistant.service.tm.TrafficManageService$8.onReceive:-1 android.app.LoadedApk$ReceiverDispatcher$Args.run:883 
09-26 13:53:23.473  5559  5826 W ContextImpl: Calling a method in the system process without a qualified user: android.app.ContextImpl.sendBroadcast:763 android.content.ContextWrapper.sendBroadcast:396 com.miui.networkassistant.service.tm.TrafficManageService.broadCastDataUsageUpdated:-1 com.miui.networkassistant.service.tm.TrafficManageService$8.onReceive:-1 android.app.LoadedApk$ReceiverDispatcher$Args.run:883 
09-26 13:53:23.696  5559  5826 W ContextImpl: Calling a method in the system process without a qualified user: android.app.ContextImpl.sendBroadcast:763 android.content.ContextWrapper.sendBroadcast:396 com.miui.networkassistant.service.tm.TrafficManageService.broadCastDataUsageUpdated:-1 com.miui.networkassistant.service.tm.TrafficManageService$8.onReceive:-1 android.app.LoadedApk$ReceiverDispatcher$Args.run:883 
09-26 13:53:23.896  5559  5826 W ContextImpl: Calling a method in the system process without a qualified user: android.app.ContextImpl.sendBroadcast:763 android.content.ContextWrapper.sendBroadcast:396 com.miui.networkassistant.service.tm.TrafficManageService.broadCastDataUsageUpdated:-1 com.miui.networkassistant.service.tm.TrafficManageService$8.onReceive:-1 android.app.LoadedApk$ReceiverDispatcher$Args.run:883 
09-26 13:53:24.104  5559  5826 W ContextImpl: Calling a method in the system process without a qualified user: android.app.ContextImpl.sendBroadcast:763 android.content.ContextWrapper.sendBroadcast:396 com.miui.networkassistant.service.tm.TrafficManageService.broadCastDataUsageUpdated:-1 com.miui.networkassistant.service.tm.TrafficManageService$8.onReceive:-1 android.app.LoadedApk$ReceiverDispatcher$Args.run:883 
09-26 13:53:24.452  5559  5826 W ContextImpl: Calling a method in the system process without a qualified user: android.app.ContextImpl.sendBroadcast:763 android.content.ContextWrapper.sendBroadcast:396 com.miui.networkassistant.service.tm.TrafficManageService.broadCastDataUsageUpdated:-1 com.miui.networkassistant.service.tm.TrafficManageService$8.onReceive:-1 android.app.LoadedApk$ReceiverDispatcher$Args.run:883 
09-26 13:53:24.731  5559  5826 W ContextImpl: Calling a method in the system process without a qualified user: android.app.ContextImpl.sendBroadcast:763 android.content.ContextWrapper.sendBroadcast:396 com.miui.networkassistant.service.tm.TrafficManageService.broadCastDataUsageUpdated:-1 com.miui.networkassistant.service.tm.TrafficManageService$8.onReceive:-1 android.app.LoadedApk$ReceiverDispatcher$Args.run:883 
09-26 13:53:25.100  5559  5826 W ContextImpl: Calling a method in the system process without a qualified user: android.app.ContextImpl.sendBroadcast:763 android.content.ContextWrapper.sendBroadcast:396 com.miui.networkassistant.service.tm.TrafficManageService.broadCastDataUsageUpdated:-1 com.miui.networkassistant.service.tm.TrafficManageService$8.onReceive:-1 android.app.LoadedApk$ReceiverDispatcher$Args.run:883 
09-26 13:53:25.350  5559  5826 W ContextImpl: Calling a method in the system process without a qualified user: android.app.ContextImpl.sendBroadcast:763 android.content.ContextWrapper.sendBroadcast:396 com.miui.networkassistant.service.tm.TrafficManageService.broadCastDataUsageUpdated:-1 com.miui.networkassistant.service.tm.TrafficManageService$8.onReceive:-1 android.app.LoadedApk$ReceiverDispatcher$Args.run:883 
09-26 13:53:25.513  5559  5826 W ContextImpl: Calling a method in the system process without a qualified user: android.app.ContextImpl.sendBroadcast:763 android.content.ContextWrapper.sendBroadcast:396 com.miui.networkassistant.service.tm.TrafficManageService.broadCastDataUsageUpdated:-1 com.miui.networkassistant.service.tm.TrafficManageService$8.onReceive:-1 android.app.LoadedApk$ReceiverDispatcher$Args.run:883 
09-26 13:53:25.654  1265  4153 D ConnectivityService: notifyType CAP_CHANGED for NetworkAgentInfo [WIFI () - 192]
09-26 13:53:27.472  5559  5826 W ContextImpl: Calling a method in the system process without a qualified user: android.app.ContextImpl.sendBroadcast:763 android.content.ContextWrapper.sendBroadcast:396 com.miui.networkassistant.service.tm.TrafficManageService.broadCastDataUsageUpdated:-1 com.miui.networkassistant.service.tm.TrafficManageService$8.onReceive:-1 android.app.LoadedApk$ReceiverDispatcher$Args.run:883 
09-26 13:53:28.668  1265  4153 D ConnectivityService: notifyType CAP_CHANGED for NetworkAgentInfo [WIFI () - 192]
09-26 13:53:38.073  1265  6858 W ActivityManager: Unable to start service Intent { cmp=com.miaomiaoce.mmc.owl/com.hyphenate.chat.EMChatService$1 } U=0: not found
09-26 13:53:49.805  1265  4153 D ConnectivityService: updateNetworkScore for NetworkAgentInfo [WIFI () - 192] to 56
09-26 13:53:52.827  1265  4153 D ConnectivityService: updateNetworkScore for NetworkAgentInfo [WIFI () - 192] to 60
09-26 13:54:11.540  1265  4153 D ConnectivityService: notifyType CAP_CHANGED for NetworkAgentInfo [WIFI () - 192]
09-26 13:55:26.037  1265  1294 I AutoStartManagerService: MIUILOG- Reject service :Intent { act=android.content.SyncAdapter cmp=com.ss.android.article.lite/com.ss.android.account.AccountSyncService (has extras) } userId : 0 uid : 10147
09-26 13:55:26.059  1265  1294 I AutoStartManagerService: MIUILOG- Reject service :Intent { act=android.content.SyncAdapter cmp=com.youku.phone/com.youku.service.authentication.SyncService (has extras) } userId : 0 uid : 10152
09-26 13:55:26.119  1265  6856 I ActivityManager: Start proc 22336:com.miui.cloudservice/u0a41 for content provider com.miui.cloudservice/.provider.MiCloudProvider
09-26 13:55:28.375  1265  4354 I ActivityManager: Killing 17134:com.miui.mipub/u0a17 (adj 15): empty #13
09-26 13:56:50.585  1265  4153 D ConnectivityService: updateNetworkScore for NetworkAgentInfo [WIFI () - 192] to 56
09-26 13:56:51.038  1265  1295 I ActivityManager: Start proc 22425:com.android.calendar/u0a3 for broadcast com.android.calendar/.widget.MonthWidgetProvider
09-26 13:56:51.076  1265  1265 I ActivityManager: Start proc 22436:com.android.providers.calendar/u0a4 for content provider com.android.providers.calendar/.CalendarProvider2
09-26 13:56:51.355  1265  1265 I ActivityManager: Killing 17845:com.miui.weather2/u0a31 (adj 15): empty #13
09-26 13:56:53.135  1265  4354 I ActivityManager: Start proc 22459:com.android.deskclock/u0a42 for broadcast com.android.deskclock/.AlarmInitReceiver
09-26 13:56:53.174  1265  4271 I ActivityManager: Killing 21025:com.miui.player:remote/u0a22 (adj 15): empty #13
09-26 13:56:53.274  1265  4153 D ConnectivityService: updateNetworkScore for NetworkAgentInfo [WIFI () - 192] to 60
09-26 13:56:54.975  1265  4689 I ActivityManager: Killing 20995:com.miui.player/u0a22 (adj 15): empty #13
09-26 13:56:55.009  7315  7315 W ContextImpl: Calling a method in the system process without a qualified user: android.app.ContextImpl.startService:1221 android.content.ContextWrapper.startService:581 android.content.ContextWrapper.startService:581 com.miui.powercenter.provider.DateResetReceiver.ah:-1 com.miui.powercenter.provider.DateResetReceiver.onReceive:-1 
09-26 13:56:55.013  7315  7315 W ContextImpl: Calling a method in the system process without a qualified user: android.app.ContextImpl.startService:1221 android.content.ContextWrapper.startService:581 android.content.ContextWrapper.startService:581 com.miui.powercenter.provider.DateResetReceiver.ah:-1 com.miui.powercenter.provider.DateResetReceiver.onReceive:-1 
09-26 13:56:55.037  1265  4220 I ActivityManager: Start proc 22492:com.android.settings:remote/1000 for broadcast com.android.settings/.dndmode.DoNotDisturbModeReceiver
09-26 13:56:56.955 22492 22492 W ContextImpl: Calling a method in the system process without a qualified user: android.app.ContextImpl.startService:1221 android.content.ContextWrapper.startService:581 miui.core.SdkManager$1.run:191 android.os.Handler.handleCallback:739 android.os.Handler.dispatchMessage:95 
09-26 13:56:56.976  1265  5516 I ActivityManager: Start proc 22507:com.qualcomm.timeservice/1000 for broadcast com.qualcomm.timeservice/.TimeServiceBroadcastReceiver
09-26 13:56:56.983  1265  5516 I ActivityManager: Killing 21652:com.xiaomi.market/u0a60 (adj 15): empty #13
09-26 13:56:57.091  1265  6858 I ActivityManager: Start proc 22520:com.miui.backup/9800 for broadcast com.miui.backup/.auto.AutoBackupReceiver
09-26 13:56:57.095  1265  6858 I ActivityManager: Killing 21198:com.miui.video/u0a61 (adj 15): empty #13
09-26 13:56:58.990  1265  4355 I ActivityManager: Killing 21895:com.xiaomi.market:guard/u0a60 (adj 15): empty #13
09-26 13:57:01.985 22492 22545 W ContextImpl: Calling a method in the system process without a qualified user: android.app.ContextImpl.bindService:1285 android.content.ContextWrapper.bindService:604 com.xiaomi.mistatistic.sdk.controller.t.c:-1 com.xiaomi.mistatistic.sdk.controller.t.b:-1 com.xiaomi.mistatistic.sdk.controller.asyncjobs.e.a:-1 
09-26 13:57:03.027  1265  1302 I PowerManagerService: Going to sleep due to screen timeout (uid 1000)...
09-26 13:57:03.158  1265  1302 D AutomaticBrightnessController: setProximitySensorEnabled disable
09-26 13:57:03.161  1265  1302 D AutomaticBrightnessController: setLightSensorEnabled disable
09-26 13:57:03.161  1265  1300 I DisplayManagerService: Display device changed state: "", OFF
09-26 13:57:03.210  4236  4236 W ContextImpl: Calling a method in the system process without a qualified user: android.app.ContextImpl.bindService:1285 android.content.ContextWrapper.bindService:604 android.content.ContextWrapper.bindService:604 miui.maml.elements.MusicController.registerListener:72 miui.maml.elements.MusicControlScreenElement.init:687 
09-26 13:57:03.253  4236  4236 E ActivityThread: Failed to find provider info for com.xiaomi.tv.gallerylockscreen.lockscreen_magazine_provider
09-26 13:57:03.469  1265  1302 W DreamManagerService: Dream ComponentInfo{com.android.systemui/com.android.systemui.doze.DozeService} does not exist
09-26 13:57:03.469  1265  1302 I PowerManagerService: Sleeping (uid 1000)...
09-26 13:57:03.649  1265  1265 V LocationPolicy: Screen state changed
09-26 13:57:48.461  1265  1265 V NotificationService: pkg=com.ximalaya.ting.android canInterrupt=true intercept=true
09-26 13:57:49.063  5559  5826 W ContextImpl: Calling a method in the system process without a qualified user: android.app.ContextImpl.sendBroadcast:763 android.content.ContextWrapper.sendBroadcast:396 com.miui.networkassistant.service.tm.TrafficManageService.broadCastDataUsageUpdated:-1 com.miui.networkassistant.service.tm.TrafficManageService$8.onReceive:-1 android.app.LoadedApk$ReceiverDispatcher$Args.run:883 
--------- beginning of main
09-26 13:57:49.428   535  2727 V EffectDiracSound: DiracSound_command() start, cmdCode=9
09-26 13:57:49.429   535  2727 V EffectDiracSound: DiracSound_Command EFFECT_CMD_SET_DEVICE: 0x00000004
09-26 13:57:49.429   535  2727 D audio_hw_primary: out_set_parameters: enter: usecase(0: deep-buffer-playback) kvpairs: routing=4
09-26 13:57:49.429   535  2727 D audio_hw_extn: audio_extn_get_anc_enabled: anc_enabled:0
09-26 13:57:49.429   535  2727 E audio_hw_dolby: audio_extn_dolby_ds2_set_endpoint: Dolby set endpint :0x4
09-26 13:57:49.415  4163  4163 W Binder_3: type=1400 audit(0.0:664166): avc: denied { search } for name="8815" dev="proc" ino=7321427 scontext=u:r:mediaserver:s0 tcontext=u:r:untrusted_app:s0:c512,c768 tclass=dir permissive=0
09-26 13:57:49.430   535  2697 V AudioPolicyManagerCustom: checkAndSetVolume() cannot set stream 6 volume with force use = 0 for comm
09-26 13:57:49.430   535  4163 E AudioFlinger: open /proc/8815/cmdline error
09-26 13:57:49.430   535  4163 I AudioFlinger: setAppName(), name=[], active=[1]
09-26 13:57:49.430   535  4163 V EffectDiracSound: DiracSound_command() start, cmdCode=23
09-26 13:57:49.430   535  4163 V EffectDiracSound: DiracSound_Command EFFECT_CMD_SET_APP_NAME: stream=3, name=+
09-26 13:57:49.448  1265  1265 V NotificationService: pkg=com.ximalaya.ting.android canInterrupt=true intercept=true
09-26 13:57:49.456  4236  4236 D PhoneStatusBar: updateNotification pkg=com.ximalaya.ting.android;id=16842960
09-26 13:57:49.483  4236  4236 D MusicControlScreenElement: music state change: playing=true
09-26 13:57:49.483  4236  4236 D MusicControlScreenElement: stateUpdate2: 3
09-26 13:57:49.483  4236  4236 D MusicControlScreenElement: transportControlFlags: 189
09-26 13:57:49.483  4236  4236 D MusicControlScreenElement: music state change: playing=true
09-26 13:57:49.483  4236  4236 D MusicControlScreenElement: stateUpdate2: 3
09-26 13:57:49.483  4236  4236 D MusicControlScreenElement: transportControlFlags: 189
09-26 13:57:49.483  4236  4236 D MiuiKeyguardUpdateMonitor: onClientPlaybackStateUpdate1 3
09-26 13:57:49.490  1265  4148 I TetherStatsReporting: getTetherStats() called NetworkStats: elapsedRealtime=394951442
09-26 13:57:49.490  1265  4148 I TetherStatsReporting:   [0] iface=rmnet_data1 uid=0 set=DEFAULT tag=0x0 rxBytes=352 rxPackets=5 txBytes=612 txPackets=11 operations=0
09-26 13:57:49.490  1265  4148 I TetherStatsReporting:   [1] iface=rmnet_data1 uid=0 set=FOREGROUND tag=0x0 rxBytes=0 rxPackets=0 txBytes=0 txPackets=0 operations=0
09-26 13:57:49.490  1265  4148 I TetherStatsReporting:   [2] iface=rmnet_data1 uid=1000 set=DEFAULT tag=0x0 rxBytes=292 rxPackets=4 txBytes=435 txPackets=5 operations=0
09-26 13:57:49.490  1265  4148 I TetherStatsReporting:   [3] iface=rmnet_data1 uid=1000 set=FOREGROUND tag=0x0 rxBytes=0 rxPackets=0 txBytes=0 txPackets=0 operations=0
09-26 13:57:49.490  1265  4148 I TetherStatsReporting:   [4] iface=rmnet_data1 uid=10021 set=DEFAULT tag=0x0 rxBytes=69310 rxPackets=18 txBytes=1619 txPackets=20 operations=0
09-26 13:57:49.490  1265  4148 I TetherStatsReporting:   [5] iface=rmnet_data1 uid=10021 set=FOREGROUND tag=0x0 rxBytes=0 rxPackets=0 txBytes=0 txPackets=0 operations=0
09-26 13:57:49.490  1265  4148 I TetherStatsReporting:   [6] iface=wlan0 uid=0 set=DEFAULT tag=0x0 rxBytes=7381934 rxPackets=36176 txBytes=2021545 txPackets=34235 operations=0
09-26 13:57:49.490  1265  4148 I TetherStatsReporting:   [7] iface=wlan0 uid=0 set=FOREGROUND tag=0x0 rxBytes=0 rxPackets=0 txBytes=0 txPackets=0 operations=0
09-26 13:57:49.490  1265  4148 I TetherStatsReporting:   [8] iface=wlan0 uid=1000 set=DEFAULT tag=0x0 rxBytes=1881331 rxPackets=2279 txBytes=325242 txPackets=2740 operations=0
09-26 13:57:49.490  1265  4148 I TetherStatsReporting:   [9] iface=wlan0 uid=1000 set=FOREGROUND tag=0x0 rxBytes=0 rxPackets=0 txBytes=0 txPackets=0 operations=0
09-26 13:57:49.490  1265  4148 I TetherStatsReporting:   [10] iface=wlan0 uid=1001 set=DEFAULT tag=0x0 rxBytes=495014 rxPackets=5849 txBytes=1323088 txPackets=11612 operations=0
09-26 13:57:49.490  1265  4148 I TetherStatsReporting:   [11] iface=wlan0 uid=1001 set=FOREGROUND tag=0x0 rxBytes=0 rxPackets=0 txBytes=0 txPackets=0 operations=0
09-26 13:57:49.490  1265  4148 I TetherStatsReporting:   [12] iface=wlan0 uid=1014 set=DEFAULT tag=0x0 rxBytes=32872 rxPackets=73 txBytes=23944 txPackets=73 operations=0
09-26 13:57:49.490  1265  4148 I TetherStatsReporting:   [13] iface=wlan0 uid=1014 set=FOREGROUND tag=0x0 rxBytes=0 rxPackets=0 txBytes=0 txPackets=0 operations=0
09-26 13:57:49.490  1265  4148 I TetherStatsReporting:   [14] iface=wlan0 uid=9801 set=DEFAULT tag=0x0 rxBytes=442048 rxPackets=649 txBytes=117266 txPackets=826 operations=0
09-26 13:57:49.490  1265  4148 I TetherStatsReporting:   [15] iface=wlan0 uid=9801 set=FOREGROUND tag=0x0 rxBytes=0 rxPackets=0 txBytes=0 txPackets=0 operations=0
09-26 13:57:49.490  1265  4148 I TetherStatsReporting:   [16] iface=wlan0 uid=9802 set=DEFAULT tag=0x0 rxBytes=88362 rxPackets=104 txBytes=20199 txPackets=114 operations=0
09-26 13:57:49.490  1265  4148 I TetherStatsReporting:   [17] iface=wlan0 uid=9802 set=FOREGROUND tag=0x0 rxBytes=0 rxPackets=0 txBytes=0 txPackets=0 operations=0
09-26 13:57:49.490  1265  4148 I TetherStatsReporting:   [18] iface=wlan0 uid=10000 set=DEFAULT tag=0x0 rxBytes=316100 rxPackets=476 txBytes=530288 txPackets=531 operations=0
09-26 13:57:49.490  1265  4148 I TetherStatsReporting:   [19] iface=wlan0 uid=10000 set=FOREGROUND tag=0x0 rxBytes=0 rxPackets=0 txBytes=0 txPackets=0 operations=0
09-26 13:57:49.490  1265  4148 I TetherStatsReporting:   [20] iface=wlan0 uid=10002 set=DEFAULT tag=0x0 rxBytes=4284 rxPackets=25 txBytes=10642 txPackets=39 operations=0
09-26 13:57:49.490  1265  4148 I TetherStatsReporting:   [21] iface=wlan0 uid=10002 set=FOREGROUND tag=0x0 rxBytes=0 rxPackets=0 txBytes=0 txPackets=0 operations=0
09-26 13:57:49.490  1265  4148 I TetherStatsReporting:   [22] iface=wlan0 uid=10003 set=DEFAULT tag=0x0 rxBytes=46207 rxPackets=73 txBytes=12031 txPackets=85 operations=0
09-26 13:57:49.490  1265  4148 I TetherStatsReporting:   [23] iface=wlan0 uid=10003 set=FOREGROUND tag=0x0 rxBytes=0 rxPackets=0 txBytes=0 txPackets=0 operations=0
09-26 13:57:49.490  1265  4148 I TetherStatsReporting:   [24] iface=wlan0 uid=10005 set=DEFAULT tag=0x0 rxBytes=70358 rxPackets=164 txBytes=38339 txPackets=212 operations=0
09-26 13:57:49.490  1265  4148 I TetherStatsReporting:   [25] iface=wlan0 uid=10005 set=FOREGROUND tag=0x0 rxBytes=32029 rxPackets=78 txBytes=19776 txPackets=93 operations=0
09-26 13:57:49.490  1265  4148 I TetherStatsReporting:   [26] iface=wlan0 uid=10010 set=DEFAULT tag=0x0 rxBytes=1880 rxPackets=11 txBytes=648 txPackets=15 operations=3
09-26 13:57:49.490  1265  4148 I TetherStatsReporting:   [27] iface=wlan0 uid=10010 set=FOREGROUND tag=0x0 rxBytes=0 rxPackets=0 txBytes=0 txPackets=0 operations=0
09-26 13:57:49.490  1265  4148 I TetherStatsReporting:   [28] iface=wlan0 uid=10013 set=DEFAULT tag=0x0 rxBytes=5925 rxPackets=9 txBytes=2329 txPackets=12 operations=0
09-26 13:57:49.490  1265  4148 I TetherStatsReporting:   [29] iface=wlan0 uid=10013 set=FOREGROUND tag=0x0 rxBytes=23852 rxPackets=37 txBytes=8145 txPackets=44 operations=0
09-26 13:57:49.490  1265  4148 I TetherStatsReporting:   [30] iface=wlan0 uid=10016 set=DEFAULT tag=0x0 rxBytes=71526 rxPackets=111 txBytes=24195 txPackets=138 operations=0
09-26 13:57:49.490  1265  4148 I TetherStatsReporting:   [31] iface=wlan0 uid=10016 set=FOREGROUND tag=0x0 rxBytes=0 rxPackets=0 txBytes=0 txPackets=0 operations=0
09-26 13:57:49.490  1265  4148 I TetherStatsReporting:   [32] iface=wlan0 uid=10019 set=DEFAULT tag=0x0 rxBytes=208 rxPackets=4 txBytes=232 txPackets=4 operations=0
09-26 13:57:49.490  1265  4148 I TetherStatsReporting:   [33] iface=wlan0 uid=10019 set=FOREGROUND tag=0x0 rxBytes=5058 rxPackets=34 txBytes=4653 txPackets=49 operations=0
09-26 13:57:49.490  1265  4148 I TetherStatsReporting:   [34] iface=wlan0 uid=10021 set=DEFAULT tag=0x0 rxBytes=154865 rxPackets=247 txBytes=49119 txPackets=317 operations=0
09-26 13:57:49.490  1265  4148 I TetherStatsReporting:   [35]
09-26 13:57:49.490  1265  4148 I TetherStatsReporting: binding to service
09-26 13:57:49.508   535  2727 D AudioFlinger: mixer(0xf14e9008) throttle end: throttle time(5)
09-26 13:57:49.530  5559  5826 I TrafficManageService: mina mTrafficStatsReceiver onReceive
09-26 13:57:49.531  5559  5826 W ContextImpl: Calling a method in the system process without a qualified user: android.app.ContextImpl.sendBroadcast:763 android.content.ContextWrapper.sendBroadcast:396 com.miui.networkassistant.service.tm.TrafficManageService.broadCastDataUsageUpdated:-1 com.miui.networkassistant.service.tm.TrafficManageService$8.onReceive:-1 android.app.LoadedApk$ReceiverDispatcher$Args.run:883 
09-26 13:57:49.533  1265  1265 V NotificationService: pkg=com.ximalaya.ting.android canInterrupt=true intercept=true
09-26 13:57:49.555  4236  4236 D MusicControlScreenElement: 
09-26 13:57:49.555  4236  4236 D MusicControlScreenElement: title: 06 -, artist: , album: 3CD
09-26 13:57:49.555  4236  4236 D MusicControlScreenElement: artwork: android.graphics.Bitmap@a33a8c
09-26 13:57:49.555  4236  4236 D MusicControlScreenElement: raw lyric: null
09-26 13:57:49.556  4236  4236 D MusicControlScreenElement: duration: -1, position: 86
09-26 13:57:49.556  4236  4236 D MusicControlScreenElement: rating: null
09-26 13:57:49.557  4236  4236 D MusicControlScreenElement: 
09-26 13:57:49.557  4236  4236 D MusicControlScreenElement: title: 06 -, artist: , album: 3CD
09-26 13:57:49.557  4236  4236 D MusicControlScreenElement: artwork: android.graphics.Bitmap@312ea51
09-26 13:57:49.557  4236  4236 D MusicControlScreenElement: raw lyric: null
09-26 13:57:49.558  4236  4236 D MusicControlScreenElement: duration: -1, position: 89
09-26 13:57:49.558  4236  4236 D MusicControlScreenElement: rating: null
09-26 13:57:49.559  4236  4236 D PhoneStatusBar: updateNotification pkg=com.ximalaya.ting.android;id=16842960
09-26 13:57:49.723  1265  1274 I art     : Background partial concurrent mark sweep GC freed 169224(10MB) AllocSpace objects, 39(1632KB) LOS objects, 26% free, 45MB/61MB, paused 1.293ms total 188.767ms
09-26 13:57:49.753  1265  4148 I TetherStatsReporting: getTetherStats() called NetworkStats: elapsedRealtime=394951707
09-26 13:57:49.753  1265  4148 I TetherStatsReporting:   [0] iface=rmnet_data1 uid=0 set=DEFAULT tag=0x0 rxBytes=352 rxPackets=5 txBytes=612 txPackets=11 operations=0
09-26 13:57:49.753  1265  4148 I TetherStatsReporting:   [1] iface=rmnet_data1 uid=0 set=FOREGROUND tag=0x0 rxBytes=0 rxPackets=0 txBytes=0 txPackets=0 operations=0
09-26 13:57:49.753  1265  4148 I TetherStatsReporting:   [2] iface=rmnet_data1 uid=1000 set=DEFAULT tag=0x0 rxBytes=292 rxPackets=4 txBytes=435 txPackets=5 operations=0
